[progress] variant=current start seeds=4 ticks=8000
[progress] variant=current seed=101 tick=2000/8000 pop=75 elapsed=2.0s eta=6.1s
[progress] variant=current seed=101 tick=4000/8000 pop=357 elapsed=13.6s eta=13.6s
[progress] variant=current seed=101 tick=6000/8000 pop=658 elapsed=57.0s eta=19.0s
[progress] variant=current seed=101 tick=8000/8000 pop=718 elapsed=118.7s eta=0.0s
[progress] variant=current seed=101 done tick=8000 pop=718 elapsed=118.7s
[progress] variant=current seed=202 tick=2000/8000 pop=82 elapsed=2.8s eta=8.3s
[progress] variant=current seed=202 tick=4000/8000 pop=390 elapsed=18.4s eta=18.4s
[progress] variant=current seed=202 tick=6000/8000 pop=653 elapsed=58.5s eta=19.5s
[progress] variant=current seed=202 tick=8000/8000 pop=705 elapsed=124.6s eta=0.0s
[progress] variant=current seed=202 done tick=8000 pop=705 elapsed=124.6s
[progress] variant=current seed=303 tick=2000/8000 pop=88 elapsed=6.5s eta=19.5s
[progress] variant=current seed=303 tick=4000/8000 pop=411 elapsed=23.3s eta=23.3s
[progress] variant=current seed=303 tick=6000/8000 pop=695 elapsed=87.5s eta=29.2s
[progress] variant=current seed=303 tick=8000/8000 pop=731 elapsed=171.1s eta=0.0s
[progress] variant=current seed=303 done tick=8000 pop=731 elapsed=171.1s
[progress] variant=current seed=404 tick=2000/8000 pop=85 elapsed=2.3s eta=6.9s
[progress] variant=current seed=404 tick=4000/8000 pop=410 elapsed=20.6s eta=20.6s
[progress] variant=current seed=404 tick=6000/8000 pop=674 elapsed=80.5s eta=26.8s
[progress] variant=current seed=404 tick=8000/8000 pop=710 elapsed=167.3s eta=0.0s
[progress] variant=current seed=404 done tick=8000 pop=710 elapsed=167.3s
[progress] variant=current completed seeds=4
=== current ===
seed 101: tick 8000, pop 718, morale 0.8921, beerBoost 0.0226, hunger 0.1500, thirst 0.1032, underDepth 1.00, underChamp 0.00, underFail 1.00, underBlocked 2.00, underContested 1.00, underReady 0.716, underHeroProm 2.00, underHeroLoss 1.00, underHeroAct 1.00, underHeroSurv 0.00, beer 38349.2, food 802.1, water 795.5
seed 202: tick 8000, pop 705, morale 0.8878, beerBoost 0.0221, hunger 0.1515, thirst 0.1114, underDepth 1.00, underChamp 0.00, underFail 1.00, underBlocked 2.00, underContested 1.00, underReady 0.959, underHeroProm 1.00, underHeroLoss 0.00, underHeroAct 1.00, underHeroSurv 0.00, beer 36717.3, food 897.9, water 829.5
seed 303: tick 8000, pop 731, morale 0.8831, beerBoost 0.0196, hunger 0.1571, thirst 0.1111, underDepth 2.00, underChamp 1.00, underFail 0.00, underBlocked 13.00, underContested 1.00, underReady 0.991, underHeroProm 1.00, underHeroLoss 0.00, underHeroAct 1.00, underHeroSurv 0.00, beer 34717.1, food 909.0, water 888.3
seed 404: tick 8000, pop 710, morale 0.8831, beerBoost 0.0179, hunger 0.1525, thirst 0.1114, underDepth 2.00, underChamp 1.00, underFail 7.00, underBlocked 5.00, underContested 1.00, underReady 1.000, underHeroProm 1.00, underHeroLoss 0.00, underHeroAct 1.00, underHeroSurv 0.00, beer 37781.1, food 801.3, water 782.8
avg: pop 716.0, morale 0.8865, beerBoost 0.0205, hunger 0.1528, thirst 0.1093, underDepth 1.50, underChamp 0.50, underFail 2.25, underBlocked 5.50, underContested 1.00, underReady 0.917, underHeroProm 1.25, underHeroLoss 0.25, underHeroAct 1.00, underHeroSurv 0.00, beer 36891.2, food 852.6, water 824.0

Report JSON written to /Users/filippoverni/ProgettiLavoro/nodeDwarves/debug/gateCplus_headless_benchmark_1771347287.json
Report Markdown written to /Users/filippoverni/ProgettiLavoro/nodeDwarves/debug/gateCplus_headless_benchmark_1771347287.md
