[PROFILE] Starting training profile: quality-mixed
[WORKERS] manual=2 cpu=10 auto=4 (min=2, max=4, reserve=3)
[BOOTSTRAP] $ npm run ai:bootstrap --silent
ai:bootstrap: dependencies already installed
[RUN-DIR] /Users/filippoverni/ProgettiLavoro/nodeDwarves/debug/run_1771347914555_24155_962090
[PROMOTE] mode=canonical-final-only episodes=4 maxSteps=1000 score=rpt minImprove=0.0050 lcb=off
[PROMOTE] eval-progress=on cadence=1
[PROFILE] low-load preset enabled
[SEED] mode=rotate base=1122511199

[PHASE] 1/2 quality-mixed-foundation
[SEED] phase=quality-mixed-foundation seed=1122521207
[TRAIN] Launching optimizer loop (quality-mixed-foundation)
[TRAIN] $ /Users/filippoverni/ProgettiLavoro/nodeDwarves/.venv/bin/python python/train.py --config /Users/filippoverni/ProgettiLavoro/nodeDwarves/debug/run_1771347914555_24155_962090/config_fast.json --episodes 160 --max-steps 1400 --step-ticks 2 --epochs 3 --batch-episodes 8 --mini-batch-size 1024 --log-every 40 --save-every 80 --eval-every 20 --eval-episodes 2 --eval-max-steps 1400 --eval-difficulty 1.0 --difficulty-start 0.12 --difficulty-end 1.0 --difficulty-ramp 120 --model-path models/policy.json --best-model-path models/policy_best.json --best-model-meta-path models/policy_best.meta.json --resume-from-latest --debug-run-dir /Users/filippoverni/ProgettiLavoro/nodeDwarves/debug/run_1771347914555_24155_962090 --debug-summary-name summary_quality_mixed_foundation.log --debug-prefix quality_mixed_foundation --episodes 8 --batch-episodes 2 --eval-episodes 1 --max-steps 600 --log-every 1 --no-save-best-during-training --seed 1122521207 --workers 2
optimizer state resumed from models/policy.state.pt
best checkpoint writes disabled in train.py; promotion is delegated to promote_best.py

episode=1 avg_reward=4149.28 avg_steps=600.0 avg_births=12.00 avg_deaths=2.00 eps_pm=19.8 lr=0.000231 diff=0.12 tick=1892 pop=30 thr[env=2.25 ipc_w=0.02 ipc_r=2.18 ipc_p=0.05]

episode=2 avg_reward=4865.46 avg_steps=600.0 avg_births=15.00 avg_deaths=0.00 eps_pm=59.4 lr=0.000213 diff=0.13 tick=1402 pop=35 thr[env=3.62 ipc_w=0.02 ipc_r=3.54 ipc_p=0.05] ppo[kl=0.0054 clip=0.077 v=2.7993 pg=-0.0240 ent=10.1526 upd_ms=135.66 stop=0]

episode=3 avg_reward=4439.07 avg_steps=600.0 avg_births=13.00 avg_deaths=2.00 eps_pm=58.1 lr=0.000194 diff=0.13 tick=1407 pop=31 thr[env=2.49 ipc_w=0.02 ipc_r=2.42 ipc_p=0.05]

episode=4 avg_reward=4896.73 avg_steps=600.0 avg_births=12.00 avg_deaths=0.00 eps_pm=56.2 lr=0.000175 diff=0.14 tick=1780 pop=34 thr[env=2.76 ipc_w=0.02 ipc_r=2.69 ipc_p=0.05] ppo[kl=0.0160 clip=0.243 v=2.9078 pg=0.0242 ent=10.1568 upd_ms=59.96 stop=0]

episode=5 avg_reward=4601.80 avg_steps=600.0 avg_births=13.00 avg_deaths=0.00 eps_pm=62.8 lr=0.000156 diff=0.15 tick=1516 pop=33 thr[env=2.52 ipc_w=0.02 ipc_r=2.45 ipc_p=0.05]

episode=6 avg_reward=4413.63 avg_steps=600.0 avg_births=14.00 avg_deaths=1.00 eps_pm=32.5 lr=0.000137 diff=0.16 tick=1794 pop=33 thr[env=3.74 ipc_w=0.02 ipc_r=3.66 ipc_p=0.05] ppo[kl=0.0145 clip=0.193 v=2.8081 pg=0.0010 ent=10.1588 upd_ms=58.22 stop=0]

episode=7 avg_reward=3928.13 avg_steps=600.0 avg_births=6.00 avg_deaths=3.00 eps_pm=211.8 lr=0.000119 diff=0.16 tick=1482 pop=23 thr[env=2.70 ipc_w=0.02 ipc_r=2.63 ipc_p=0.05]

episode=8 avg_reward=3193.22 avg_steps=600.0 avg_births=0.00 avg_deaths=0.00 eps_pm=28.9 lr=0.000100 diff=0.17 tick=1805 pop=20 thr[env=3.22 ipc_w=0.02 ipc_r=3.17 ipc_p=0.03] ppo[kl=0.0116 clip=0.173 v=2.0515 pg=-0.0078 ent=10.1598 upd_ms=35.11 stop=0]
[PROMOTE] Evaluating latest checkpoint against best (quality-mixed-foundation)
[PROMOTE] $ /Users/filippoverni/ProgettiLavoro/nodeDwarves/.venv/bin/python python/promote_best.py --config /Users/filippoverni/ProgettiLavoro/nodeDwarves/debug/run_1771347914555_24155_962090/config_fast.json --eval-episodes 5 --eval-max-steps 1400 --eval-difficulty 1.0 --eval-score rpt --min-improve 0.010 --max-steps 1400 --step-ticks 2 --eval-progress --eval-progress-every 1 --report-json /Users/filippoverni/ProgettiLavoro/nodeDwarves/debug/run_1771347914555_24155_962090/report_promote_01_quality-mixed-foundation.json --report-md /Users/filippoverni/ProgettiLavoro/nodeDwarves/debug/run_1771347914555_24155_962090/report_promote_01_quality-mixed-foundation.md --report-tag quality-mixed-foundation
[eval_latest] episode=1/5 scenario=baseline ep_reward=11151.26 ep_steps=1400 ep_ticks=2800 avg_reward=11151.26 avg_score=3.9826 elapsed=5.8s eta=23.0s
[eval_latest] episode=2/5 scenario=full_sim ep_reward=11426.23 ep_steps=1400 ep_ticks=2800 avg_reward=11288.74 avg_score=4.0317 elapsed=14.4s eta=21.6s
[eval_latest] episode=3/5 scenario=water_scarce ep_reward=11202.93 ep_steps=1400 ep_ticks=2800 avg_reward=11260.14 avg_score=4.0215 elapsed=20.3s eta=13.5s
[eval_latest] episode=4/5 scenario=food_scarce ep_reward=11322.06 ep_steps=1400 ep_ticks=2800 avg_reward=11275.62 avg_score=4.0270 elapsed=26.9s eta=6.7s
[eval_latest] episode=5/5 scenario=ruins_focus ep_reward=10776.42 ep_steps=1400 ep_ticks=2800 avg_reward=11175.78 avg_score=3.9913 elapsed=35.4s eta=0.0s
[eval_best] episode=1/5 scenario=baseline ep_reward=11184.41 ep_steps=1400 ep_ticks=2800 avg_reward=11184.41 avg_score=3.9944 elapsed=9.8s eta=39.2s
[eval_best] episode=2/5 scenario=full_sim ep_reward=10964.06 ep_steps=1400 ep_ticks=2800 avg_reward=11074.23 avg_score=3.9551 elapsed=17.5s eta=26.2s
[eval_best] episode=3/5 scenario=water_scarce ep_reward=10788.72 ep_steps=1400 ep_ticks=2800 avg_reward=10979.06 avg_score=3.9211 elapsed=27.8s eta=18.5s
[eval_best] episode=4/5 scenario=food_scarce ep_reward=11375.16 ep_steps=1400 ep_ticks=2800 avg_reward=11078.09 avg_score=3.9565 elapsed=34.1s eta=8.5s
[eval_best] episode=5/5 scenario=ruins_focus ep_reward=10866.47 ep_steps=1400 ep_ticks=2800 avg_reward=11035.76 avg_score=3.9413 elapsed=43.0s eta=0.0s
Promotion check: latest_score=3.9913 best_score=3.9413 delta=0.0500 min_improve=0.0100
Paired check: n=5 mean_delta=0.0500 se=0.0437 lcb=-0.0356
Best policy retained.
Report JSON: /Users/filippoverni/ProgettiLavoro/nodeDwarves/debug/run_1771347914555_24155_962090/report_promote_01_quality-mixed-foundation.json
Report MD: /Users/filippoverni/ProgettiLavoro/nodeDwarves/debug/run_1771347914555_24155_962090/report_promote_01_quality-mixed-foundation.md
[REPORT] phase=quality-mixed-foundation promoted=no delta=0.0500 best_after=3.9413
[PHASE] Completed quality-mixed-foundation

[PHASE] 2/2 quality-mixed-finetune
[SEED] phase=quality-mixed-finetune seed=1122531214
[TRAIN] Launching optimizer loop (quality-mixed-finetune)
[TRAIN] $ /Users/filippoverni/ProgettiLavoro/nodeDwarves/.venv/bin/python python/train.py --config /Users/filippoverni/ProgettiLavoro/nodeDwarves/debug/run_1771347914555_24155_962090/config_finetune.json --full-sim --episodes 50 --max-steps 1800 --step-ticks 2 --epochs 3 --batch-episodes 8 --mini-batch-size 1024 --log-every 20 --save-every 50 --eval-every 10 --eval-episodes 2 --eval-max-steps 1800 --eval-difficulty 1.0 --difficulty-start 1.0 --difficulty-end 1.0 --difficulty-ramp 1 --lr 0.00012 --lr-final 0.00006 --entropy-coef 0.002 --entropy-coef-final 0.001 --entropy-ramp 50 --model-path models/policy.json --best-model-path models/policy_best.json --best-model-meta-path models/policy_best.meta.json --resume-from-latest --debug-run-dir /Users/filippoverni/ProgettiLavoro/nodeDwarves/debug/run_1771347914555_24155_962090 --debug-summary-name summary_quality_mixed_finetune.log --debug-prefix quality_mixed_finetune --episodes 8 --batch-episodes 2 --eval-episodes 1 --max-steps 600 --log-every 1 --no-save-best-during-training --seed 1122531214 --workers 2
optimizer state resumed from models/policy.state.pt
best checkpoint writes disabled in train.py; promotion is delegated to promote_best.py

episode=1 avg_reward=3886.87 avg_steps=600.0 avg_births=39.00 avg_deaths=6.00 eps_pm=11.3 lr=0.000112 diff=1.00 tick=1653 pop=53 thr[env=6.02 ipc_w=0.03 ipc_r=5.93 ipc_p=0.06]

episode=2 avg_reward=3923.79 avg_steps=600.0 avg_births=29.00 avg_deaths=0.00 eps_pm=169.6 lr=0.000105 diff=1.00 tick=1299 pop=49 thr[env=6.44 ipc_w=0.03 ipc_r=6.35 ipc_p=0.06] ppo[kl=0.0013 clip=0.006 v=2.3726 pg=-0.0192 ent=10.1607 upd_ms=79.47 stop=0]

episode=3 avg_reward=3648.82 avg_steps=600.0 avg_births=21.00 avg_deaths=1.00 eps_pm=20.3 lr=0.000097 diff=1.00 tick=1849 pop=40 thr[env=4.48 ipc_w=0.03 ipc_r=4.39 ipc_p=0.06]

episode=4 avg_reward=4043.19 avg_steps=600.0 avg_births=27.00 avg_deaths=0.00 eps_pm=23.7 lr=0.000090 diff=1.00 tick=1744 pop=49 thr[env=8.14 ipc_w=0.03 ipc_r=8.05 ipc_p=0.06] ppo[kl=0.0099 clip=0.150 v=2.2795 pg=0.0389 ent=10.1617 upd_ms=56.75 stop=0]

episode=5 avg_reward=4017.37 avg_steps=600.0 avg_births=33.00 avg_deaths=0.00 eps_pm=382367.7 lr=0.000082 diff=1.00 tick=1708 pop=53 thr[env=3.11 ipc_w=0.02 ipc_r=3.04 ipc_p=0.04]

episode=6 avg_reward=4051.92 avg_steps=600.0 avg_births=30.00 avg_deaths=0.00 eps_pm=18.2 lr=0.000075 diff=1.00 tick=1603 pop=50 thr[env=4.75 ipc_w=0.02 ipc_r=4.68 ipc_p=0.05] ppo[kl=0.0044 clip=0.041 v=2.4468 pg=-0.0167 ent=10.1626 upd_ms=36.96 stop=0]

episode=7 avg_reward=4094.07 avg_steps=600.0 avg_births=29.00 avg_deaths=0.00 eps_pm=764331.2 lr=0.000068 diff=1.00 tick=1756 pop=49 thr[env=3.20 ipc_w=0.02 ipc_r=3.14 ipc_p=0.04]

episode=8 avg_reward=4575.58 avg_steps=600.0 avg_births=31.00 avg_deaths=0.00 eps_pm=32.9 lr=0.000060 diff=1.00 tick=1791 pop=53 thr[env=3.76 ipc_w=0.02 ipc_r=3.71 ipc_p=0.04] ppo[kl=0.0068 clip=0.084 v=2.6723 pg=0.0212 ent=10.1634 upd_ms=35.08 stop=0]
[PROMOTE] Evaluating latest checkpoint against best (quality-mixed-finetune)
[PROMOTE] $ /Users/filippoverni/ProgettiLavoro/nodeDwarves/.venv/bin/python python/promote_best.py --config /Users/filippoverni/ProgettiLavoro/nodeDwarves/debug/run_1771347914555_24155_962090/config_finetune.json --eval-episodes 6 --eval-max-steps 1800 --eval-difficulty 1.0 --eval-score rpt --min-improve 0.012 --max-steps 1800 --step-ticks 2 --eval-progress --eval-progress-every 1 --report-json /Users/filippoverni/ProgettiLavoro/nodeDwarves/debug/run_1771347914555_24155_962090/report_promote_02_quality-mixed-finetune.json --report-md /Users/filippoverni/ProgettiLavoro/nodeDwarves/debug/run_1771347914555_24155_962090/report_promote_02_quality-mixed-finetune.md --report-tag quality-mixed-finetune
[eval_latest] episode=1/6 scenario=baseline ep_reward=13562.21 ep_steps=1800 ep_ticks=3600 avg_reward=13562.21 avg_score=3.7673 elapsed=9.4s eta=46.8s
[eval_latest] episode=2/6 scenario=full_sim ep_reward=13820.14 ep_steps=1800 ep_ticks=3600 avg_reward=13691.17 avg_score=3.8031 elapsed=18.8s eta=37.6s
[eval_latest] episode=3/6 scenario=water_scarce ep_reward=13597.68 ep_steps=1800 ep_ticks=3600 avg_reward=13660.01 avg_score=3.7944 elapsed=26.9s eta=26.9s
[eval_latest] episode=4/6 scenario=food_scarce ep_reward=13396.13 ep_steps=1800 ep_ticks=3600 avg_reward=13594.04 avg_score=3.7761 elapsed=35.6s eta=17.8s
[eval_latest] episode=5/6 scenario=ruins_focus ep_reward=14492.96 ep_steps=1800 ep_ticks=3600 avg_reward=13773.82 avg_score=3.8261 elapsed=45.3s eta=9.1s
[eval_latest] episode=6/6 scenario=clan_lantern ep_reward=13417.81 ep_steps=1800 ep_ticks=3600 avg_reward=13714.49 avg_score=3.8096 elapsed=55.7s eta=0.0s
[eval_best] episode=1/6 scenario=baseline ep_reward=14179.61 ep_steps=1800 ep_ticks=3600 avg_reward=14179.61 avg_score=3.9388 elapsed=12.8s eta=64.1s
[eval_best] episode=2/6 scenario=full_sim ep_reward=13935.66 ep_steps=1800 ep_ticks=3600 avg_reward=14057.64 avg_score=3.9049 elapsed=23.0s eta=46.1s
[eval_best] episode=3/6 scenario=water_scarce ep_reward=13799.93 ep_steps=1800 ep_ticks=3600 avg_reward=13971.74 avg_score=3.8810 elapsed=35.5s eta=35.5s
[eval_best] episode=4/6 scenario=food_scarce ep_reward=14242.99 ep_steps=1800 ep_ticks=3600 avg_reward=14039.55 avg_score=3.8999 elapsed=44.0s eta=22.0s
[eval_best] episode=5/6 scenario=ruins_focus ep_reward=13484.40 ep_steps=1800 ep_ticks=3600 avg_reward=13928.52 avg_score=3.8690 elapsed=54.9s eta=11.0s
[eval_best] episode=6/6 scenario=clan_lantern ep_reward=13433.65 ep_steps=1800 ep_ticks=3600 avg_reward=13846.04 avg_score=3.8461 elapsed=69.6s eta=0.0s
Promotion check: latest_score=3.8096 best_score=3.8461 delta=-0.0365 min_improve=0.0120
Paired check: n=6 mean_delta=-0.0365 se=0.0729 lcb=-0.1794
Best policy retained.
Report JSON: /Users/filippoverni/ProgettiLavoro/nodeDwarves/debug/run_1771347914555_24155_962090/report_promote_02_quality-mixed-finetune.json
Report MD: /Users/filippoverni/ProgettiLavoro/nodeDwarves/debug/run_1771347914555_24155_962090/report_promote_02_quality-mixed-finetune.md
[REPORT] phase=quality-mixed-finetune promoted=no delta=-0.0365 best_after=3.8461
[PHASE] Completed quality-mixed-finetune
[PROMOTE] Evaluating latest checkpoint against best (canonical-final)
[PROMOTE] $ /Users/filippoverni/ProgettiLavoro/nodeDwarves/.venv/bin/python python/promote_best.py --config /Users/filippoverni/ProgettiLavoro/nodeDwarves/debug/run_1771347914555_24155_962090/config_canonical_promote.json --eval-episodes 4 --eval-max-steps 1000 --eval-difficulty 1 --eval-score rpt --min-improve 0.005 --max-steps 1000 --step-ticks 2 --seed 0 --eval-progress --eval-progress-every 1 --report-json /Users/filippoverni/ProgettiLavoro/nodeDwarves/debug/run_1771347914555_24155_962090/report_promote_03_canonical-final.json --report-md /Users/filippoverni/ProgettiLavoro/nodeDwarves/debug/run_1771347914555_24155_962090/report_promote_03_canonical-final.md --report-tag canonical-final
[eval_latest] episode=1/4 scenario=baseline ep_reward=7706.15 ep_steps=1000 ep_ticks=2000 avg_reward=7706.15 avg_score=3.8531 elapsed=4.1s eta=12.2s
[eval_latest] episode=2/4 scenario=full_sim ep_reward=7816.32 ep_steps=1000 ep_ticks=2000 avg_reward=7761.23 avg_score=3.8806 elapsed=9.5s eta=9.5s
[eval_latest] episode=3/4 scenario=water_scarce ep_reward=7367.05 ep_steps=1000 ep_ticks=2000 avg_reward=7629.84 avg_score=3.8149 elapsed=14.1s eta=4.7s
[eval_latest] episode=4/4 scenario=food_scarce ep_reward=7821.83 ep_steps=1000 ep_ticks=2000 avg_reward=7677.84 avg_score=3.8389 elapsed=18.5s eta=0.0s
[eval_best] episode=1/4 scenario=baseline ep_reward=7768.28 ep_steps=1000 ep_ticks=2000 avg_reward=7768.28 avg_score=3.8841 elapsed=6.8s eta=20.5s
[eval_best] episode=2/4 scenario=full_sim ep_reward=7453.78 ep_steps=1000 ep_ticks=2000 avg_reward=7611.03 avg_score=3.8055 elapsed=11.2s eta=11.2s
[eval_best] episode=3/4 scenario=water_scarce ep_reward=7451.82 ep_steps=1000 ep_ticks=2000 avg_reward=7557.96 avg_score=3.7790 elapsed=18.4s eta=6.1s
[eval_best] episode=4/4 scenario=food_scarce ep_reward=8042.62 ep_steps=1000 ep_ticks=2000 avg_reward=7679.13 avg_score=3.8396 elapsed=22.3s eta=0.0s
Promotion check: latest_score=3.8389 best_score=3.8396 delta=-0.0006 min_improve=0.0050
Paired check: n=4 mean_delta=-0.0006 se=0.0631 lcb=-0.1244
Best policy retained.
Report JSON: /Users/filippoverni/ProgettiLavoro/nodeDwarves/debug/run_1771347914555_24155_962090/report_promote_03_canonical-final.json
Report MD: /Users/filippoverni/ProgettiLavoro/nodeDwarves/debug/run_1771347914555_24155_962090/report_promote_03_canonical-final.md
[REPORT] phase=canonical-final promoted=no delta=-0.0006 best_after=3.8396
[REPORT] summary json=/Users/filippoverni/ProgettiLavoro/nodeDwarves/debug/run_1771347914555_24155_962090/report_training_promotion_summary.json
[REPORT] summary md=/Users/filippoverni/ProgettiLavoro/nodeDwarves/debug/run_1771347914555_24155_962090/report_training_promotion_summary.md

[DONE] Training profile completed: quality-mixed
