# NodeDwarves training debug log
start_time=2026-01-26 20:37:51
config=config.json
settings episodes=30000 max_steps=900 step_ticks=5 batch_episodes=8 workers=8 gamma=0.99 gae_lambda=0.95 clip_range=0.2 entropy_coef=0.005 value_coef=0.5 lr=0.0003 lr_final=0.0001 difficulty_start=0.08 difficulty_end=1.0 difficulty_ramp=50000 min_weight=0.0 max_weight=2.0
resources=food_raw stone water wood
scenarios=baseline:0.15 water_scarce:0.25 food_scarce:0.20 low_stockpile:0.20 housing_pressure:0.20
eval_scenarios=baseline water_scarce food_scarce low_stockpile housing_pressure
log_every_console=1000 log_every_file=500

# Legend (all values are averaged over each file window)
# Summary.avg_reward: mean episode reward in the window.
# Summary.avg_steps: mean episode steps in the window.
# Summary.avg_births: mean births per episode in the window.
# Summary.avg_deaths: mean deaths per episode in the window.
# Summary.lr: optimizer learning rate at log time.
# Summary.difficulty: curriculum difficulty factor (0..1).
# Summary.tick: last tick observed in the window.
# Summary.pop: population at the last tick in the window.
# Scenario mix.<name>: scenario counts and share within the window.
# Stockpile.avg: mean of stockpile ratios across resources.
# Stockpile.min: minimum stockpile ratio across resources.
# Stockpile.<resource>: current/target ratio per resource.
# Nodes.<resource>: remaining/total capacity ratio per resource node.
# Needs.<need>: average need value (0..1).
# Housing.houses: total houses.
# Housing.beds: total bed capacity.
# Housing.ratio: beds/population ratio.
# Housing.unsheltered: fraction of population without beds.
# Reproduction.ticks: ticks accumulated in the window.
# Reproduction.couples_per_tick: average couples per tick.
# Reproduction.fertile_per_tick: average fertile adults per tick.
# Reproduction.pregnancies_per_tick: average pregnancies per tick.
# Reproduction.cooldowns_per_tick: average cooldowns per tick.
# Reproduction.chance: average conception chance per tick.
# Reproduction.resource_factor: average resource factor for conception.
# Reproduction.crowding_factor: average crowding factor for conception.
# Reproduction.morale_factor: average morale factor for conception.
# Reproduction.season_factor: average season factor for conception.
# Reproduction.attempts: average attempts per episode.
# Reproduction.successes: average successes per episode.
# Reproduction.blocked.<reason>: average blocked counts per episode.
# Merchant.trades_per_tick: average trades per tick.
# Merchant.given_per_tick.<resource>: average units given per tick.
# Merchant.received_per_tick.<resource>: average units received per tick.
# Fields.nodes: count of field nodes.
# Fields.node_ratio: remaining/total capacity ratio for field nodes.
# Fields.water_ratio: water stockpile ratio used for irrigation.
# Fields.irrigation: irrigation multiplier.
# Fields.season: seasonal multiplier applied to field regen.
# Fields.regen: irrigation * season multiplier.
# Signals.critical_needs: fraction of dwarves at critical needs.
# Signals.idle_adults: fraction of idle adults.

=== episode=500 window=1-500 count=500 ===
Summary:
  avg_reward: 2436.48
  avg_steps: 900.0
  avg_births: 160.64
  avg_deaths: 17.01
  lr: 0.000297
  difficulty: 0.09
  tick: 4799
  pop: 134
Scenario mix:
  baseline        : 76 (15.2%)
  food_scarce     : 104 (20.8%)
  housing_pressure: 111 (22.2%)
  low_stockpile   : 100 (20.0%)
  water_scarce    : 109 (21.8%)
Stockpile ratios:
  avg: 0.93
  min: 0.76
  food_raw: 0.97
  stone   : 0.99
  water   : 0.79
  wood    : 0.99
Nodes ratio:
  food_raw: 0.79
  stone   : 0.97
  water   : 0.40
  wood    : 0.96
Needs avg:
  hunger: 0.15
  thirst: 0.16
Housing:
  houses: 64
  beds: 131
  ratio: 0.86
  unsheltered: 0.16
Reproduction:
  ticks: 4500
  couples_per_tick: 23.24
  fertile_per_tick: 58.86
  pregnancies_per_tick: 1.76
  cooldowns_per_tick: 4.94
  chance: 0.0025
  resource_factor: 0.81
  crowding_factor: 0.42
  morale_factor: 0.90
  season_factor: 0.93
  attempts: 77205
  successes: 163
  blocked:
    infertile: 4781
    pregnant: 7913
    cooldown: 10974
    no_resources: 0
    no_housing: 0
    chance: 77041
Merchant:
  trades_per_tick: 0.04
  given_per_tick:
    food_raw: 0.01
    stone   : 0.02
    water   : 0.00
    wood    : 0.01
  received_per_tick:
    food_raw: 0.01
    stone   : 0.00
    water   : 0.02
    wood    : 0.01
Fields:
  nodes: 0
  node_ratio: 0.97
  water_ratio: 0.79
  irrigation: 0.88
  season: 0.91
  regen: 0.81
Signals:
  critical_needs: 0.00
  idle_adults: 0.31

=== episode=1000 window=501-1000 count=500 ===
Summary:
  avg_reward: 2417.44
  avg_steps: 900.0
  avg_births: 159.34
  avg_deaths: 17.38
  lr: 0.000293
  difficulty: 0.10
  tick: 5164
  pop: 148
Scenario mix:
  baseline        : 84 (16.8%)
  food_scarce     : 95 (19.0%)
  housing_pressure: 79 (15.8%)
  low_stockpile   : 113 (22.6%)
  water_scarce    : 129 (25.8%)
Stockpile ratios:
  avg: 0.92
  min: 0.70
  food_raw: 0.97
  stone   : 0.98
  water   : 0.75
  wood    : 0.98
Nodes ratio:
  food_raw: 0.80
  stone   : 0.96
  water   : 0.39
  wood    : 0.96
Needs avg:
  hunger: 0.15
  thirst: 0.16
Housing:
  houses: 64
  beds: 131
  ratio: 0.87
  unsheltered: 0.15
Reproduction:
  ticks: 4500
  couples_per_tick: 23.08
  fertile_per_tick: 58.10
  pregnancies_per_tick: 1.75
  cooldowns_per_tick: 4.90
  chance: 0.0025
  resource_factor: 0.81
  crowding_factor: 0.42
  morale_factor: 0.90
  season_factor: 0.93
  attempts: 75948
  successes: 162
  blocked:
    infertile: 4624
    pregnant: 7847
    cooldown: 10880
    no_resources: 0
    no_housing: 0
    chance: 75786
Merchant:
  trades_per_tick: 0.04
  given_per_tick:
    food_raw: 0.01
    stone   : 0.02
    water   : 0.00
    wood    : 0.01
  received_per_tick:
    food_raw: 0.01
    stone   : 0.00
    water   : 0.02
    wood    : 0.01
Fields:
  nodes: 0
  node_ratio: 0.98
  water_ratio: 0.75
  irrigation: 0.86
  season: 0.91
  regen: 0.79
Signals:
  critical_needs: 0.01
  idle_adults: 0.26

=== episode=1500 window=1001-1500 count=500 ===
Summary:
  avg_reward: 2434.88
  avg_steps: 900.0
  avg_births: 160.78
  avg_deaths: 16.96
  lr: 0.000290
  difficulty: 0.11
  tick: 5233
  pop: 95
Scenario mix:
  baseline        : 78 (15.6%)
  food_scarce     : 99 (19.8%)
  housing_pressure: 115 (23.0%)
  low_stockpile   : 93 (18.6%)
  water_scarce    : 115 (23.0%)
Stockpile ratios:
  avg: 0.94
  min: 0.76
  food_raw: 0.97
  stone   : 0.99
  water   : 0.80
  wood    : 0.99
Nodes ratio:
  food_raw: 0.79
  stone   : 0.96
  water   : 0.39
  wood    : 0.96
Needs avg:
  hunger: 0.15
  thirst: 0.16
Housing:
  houses: 64
  beds: 130
  ratio: 0.85
  unsheltered: 0.16
Reproduction:
  ticks: 4500
  couples_per_tick: 23.10
  fertile_per_tick: 58.77
  pregnancies_per_tick: 1.77
  cooldowns_per_tick: 4.94
  chance: 0.0025
  resource_factor: 0.81
  crowding_factor: 0.42
  morale_factor: 0.90
  season_factor: 0.93
  attempts: 76523
  successes: 163
  blocked:
    infertile: 4809
    pregnant: 7919
    cooldown: 10980
    no_resources: 0
    no_housing: 0
    chance: 76360
Merchant:
  trades_per_tick: 0.04
  given_per_tick:
    food_raw: 0.01
    stone   : 0.02
    water   : 0.00
    wood    : 0.01
  received_per_tick:
    food_raw: 0.01
    stone   : 0.00
    water   : 0.02
    wood    : 0.01
Fields:
  nodes: 0
  node_ratio: 0.99
  water_ratio: 0.80
  irrigation: 0.89
  season: 0.90
  regen: 0.81
Signals:
  critical_needs: 0.00
  idle_adults: 0.30

=== episode=2000 window=1501-2000 count=500 ===
Summary:
  avg_reward: 2430.68
  avg_steps: 900.0
  avg_births: 159.68
  avg_deaths: 17.20
  lr: 0.000287
  difficulty: 0.12
  tick: 5061
  pop: 129
Scenario mix:
  baseline        : 65 (13.0%)
  food_scarce     : 112 (22.4%)
  housing_pressure: 105 (21.0%)
  low_stockpile   : 90 (18.0%)
  water_scarce    : 128 (25.6%)
Stockpile ratios:
  avg: 0.92
  min: 0.71
  food_raw: 0.96
  stone   : 0.99
  water   : 0.76
  wood    : 0.98
Nodes ratio:
  food_raw: 0.79
  stone   : 0.96
  water   : 0.38
  wood    : 0.97
Needs avg:
  hunger: 0.15
  thirst: 0.17
Housing:
  houses: 64
  beds: 131
  ratio: 0.87
  unsheltered: 0.15
Reproduction:
  ticks: 4500
  couples_per_tick: 23.19
  fertile_per_tick: 58.62
  pregnancies_per_tick: 1.75
  cooldowns_per_tick: 4.91
  chance: 0.0025
  resource_factor: 0.81
  crowding_factor: 0.42
  morale_factor: 0.90
  season_factor: 0.93
  attempts: 76476
  successes: 162
  blocked:
    infertile: 4750
    pregnant: 7863
    cooldown: 10907
    no_resources: 0
    no_housing: 0
    chance: 76313
Merchant:
  trades_per_tick: 0.04
  given_per_tick:
    food_raw: 0.01
    stone   : 0.02
    water   : 0.00
    wood    : 0.02
  received_per_tick:
    food_raw: 0.01
    stone   : 0.00
    water   : 0.02
    wood    : 0.01
Fields:
  nodes: 0
  node_ratio: 0.97
  water_ratio: 0.76
  irrigation: 0.87
  season: 0.89
  regen: 0.78
Signals:
  critical_needs: 0.01
  idle_adults: 0.25

=== episode=2500 window=2001-2500 count=500 ===
Summary:
  avg_reward: 2433.88
  avg_steps: 900.0
  avg_births: 160.56
  avg_deaths: 16.82
  lr: 0.000283
  difficulty: 0.13
  tick: 4847
  pop: 92
Scenario mix:
  baseline        : 83 (16.6%)
  food_scarce     : 101 (20.2%)
  housing_pressure: 99 (19.8%)
  low_stockpile   : 101 (20.2%)
  water_scarce    : 116 (23.2%)
Stockpile ratios:
  avg: 0.93
  min: 0.74
  food_raw: 0.96
  stone   : 0.98
  water   : 0.78
  wood    : 0.98
Nodes ratio:
  food_raw: 0.79
  stone   : 0.97
  water   : 0.40
  wood    : 0.96
Needs avg:
  hunger: 0.15
  thirst: 0.16
Housing:
  houses: 64
  beds: 131
  ratio: 0.86
  unsheltered: 0.16
Reproduction:
  ticks: 4500
  couples_per_tick: 23.16
  fertile_per_tick: 58.61
  pregnancies_per_tick: 1.76
  cooldowns_per_tick: 4.94
  chance: 0.0025
  resource_factor: 0.81
  crowding_factor: 0.42
  morale_factor: 0.90
  season_factor: 0.93
  attempts: 76697
  successes: 163
  blocked:
    infertile: 4763
    pregnant: 7909
    cooldown: 10965
    no_resources: 0
    no_housing: 0
    chance: 76534
Merchant:
  trades_per_tick: 0.04
  given_per_tick:
    food_raw: 0.01
    stone   : 0.01
    water   : 0.00
    wood    : 0.01
  received_per_tick:
    food_raw: 0.01
    stone   : 0.00
    water   : 0.02
    wood    : 0.01
Fields:
  nodes: 0
  node_ratio: 0.98
  water_ratio: 0.78
  irrigation: 0.88
  season: 0.90
  regen: 0.80
Signals:
  critical_needs: 0.00
  idle_adults: 0.26

=== episode=3000 window=2501-3000 count=500 ===
Summary:
  avg_reward: 2436.63
  avg_steps: 900.0
  avg_births: 158.92
  avg_deaths: 16.17
  lr: 0.000280
  difficulty: 0.14
  tick: 4882
  pop: 154
Scenario mix:
  baseline        : 81 (16.2%)
  food_scarce     : 98 (19.6%)
  housing_pressure: 99 (19.8%)
  low_stockpile   : 116 (23.2%)
  water_scarce    : 106 (21.2%)
Stockpile ratios:
  avg: 0.93
  min: 0.75
  food_raw: 0.96
  stone   : 0.99
  water   : 0.79
  wood    : 0.98
Nodes ratio:
  food_raw: 0.80
  stone   : 0.96
  water   : 0.41
  wood    : 0.96
Needs avg:
  hunger: 0.15
  thirst: 0.16
Housing:
  houses: 64
  beds: 130
  ratio: 0.85
  unsheltered: 0.16
Reproduction:
  ticks: 4500
  couples_per_tick: 22.85
  fertile_per_tick: 57.90
  pregnancies_per_tick: 1.75
  cooldowns_per_tick: 4.89
  chance: 0.0025
  resource_factor: 0.81
  crowding_factor: 0.42
  morale_factor: 0.90
  season_factor: 0.93
  attempts: 75745
  successes: 161
  blocked:
    infertile: 4731
    pregnant: 7829
    cooldown: 10855
    no_resources: 0
    no_housing: 0
    chance: 75583
Merchant:
  trades_per_tick: 0.04
  given_per_tick:
    food_raw: 0.01
    stone   : 0.01
    water   : 0.01
    wood    : 0.01
  received_per_tick:
    food_raw: 0.01
    stone   : 0.00
    water   : 0.02
    wood    : 0.01
Fields:
  nodes: 0
  node_ratio: 0.98
  water_ratio: 0.79
  irrigation: 0.89
  season: 0.91
  regen: 0.81
Signals:
  critical_needs: 0.01
  idle_adults: 0.26

=== episode=3500 window=3001-3500 count=500 ===
Summary:
  avg_reward: 2434.94
  avg_steps: 900.0
  avg_births: 160.66
  avg_deaths: 16.79
  lr: 0.000277
  difficulty: 0.14
  tick: 4840
  pop: 159
Scenario mix:
  baseline        : 74 (14.8%)
  food_scarce     : 105 (21.0%)
  housing_pressure: 113 (22.6%)
  low_stockpile   : 98 (19.6%)
  water_scarce    : 110 (22.0%)
Stockpile ratios:
  avg: 0.93
  min: 0.74
  food_raw: 0.97
  stone   : 0.99
  water   : 0.79
  wood    : 0.98
Nodes ratio:
  food_raw: 0.78
  stone   : 0.96
  water   : 0.40
  wood    : 0.97
Needs avg:
  hunger: 0.15
  thirst: 0.16
Housing:
  houses: 64
  beds: 130
  ratio: 0.85
  unsheltered: 0.17
Reproduction:
  ticks: 4500
  couples_per_tick: 23.22
  fertile_per_tick: 58.88
  pregnancies_per_tick: 1.76
  cooldowns_per_tick: 4.95
  chance: 0.0025
  resource_factor: 0.81
  crowding_factor: 0.42
  morale_factor: 0.90
  season_factor: 0.93
  attempts: 76681
  successes: 163
  blocked:
    infertile: 4821
    pregnant: 7909
    cooldown: 10982
    no_resources: 0
    no_housing: 0
    chance: 76517
Merchant:
  trades_per_tick: 0.04
  given_per_tick:
    food_raw: 0.01
    stone   : 0.02
    water   : 0.00
    wood    : 0.01
  received_per_tick:
    food_raw: 0.01
    stone   : 0.00
    water   : 0.02
    wood    : 0.01
Fields:
  nodes: 0
  node_ratio: 0.98
  water_ratio: 0.79
  irrigation: 0.88
  season: 0.90
  regen: 0.80
Signals:
  critical_needs: 0.00
  idle_adults: 0.24

=== episode=4000 window=3501-4000 count=500 ===
Summary:
  avg_reward: 2426.54
  avg_steps: 900.0
  avg_births: 159.04
  avg_deaths: 17.13
  lr: 0.000273
  difficulty: 0.15
  tick: 4691
  pop: 125
Scenario mix:
  baseline        : 69 (13.8%)
  food_scarce     : 104 (20.8%)
  housing_pressure: 98 (19.6%)
  low_stockpile   : 103 (20.6%)
  water_scarce    : 126 (25.2%)
Stockpile ratios:
  avg: 0.92
  min: 0.72
  food_raw: 0.96
  stone   : 0.99
  water   : 0.76
  wood    : 0.98
Nodes ratio:
  food_raw: 0.79
  stone   : 0.96
  water   : 0.39
  wood    : 0.96
Needs avg:
  hunger: 0.15
  thirst: 0.16
Housing:
  houses: 64
  beds: 129
  ratio: 0.86
  unsheltered: 0.16
Reproduction:
  ticks: 4500
  couples_per_tick: 23.00
  fertile_per_tick: 58.23
  pregnancies_per_tick: 1.75
  cooldowns_per_tick: 4.89
  chance: 0.0025
  resource_factor: 0.81
  crowding_factor: 0.42
  morale_factor: 0.90
  season_factor: 0.93
  attempts: 75677
  successes: 161
  blocked:
    infertile: 4758
    pregnant: 7829
    cooldown: 10869
    no_resources: 0
    no_housing: 0
    chance: 75515
Merchant:
  trades_per_tick: 0.04
  given_per_tick:
    food_raw: 0.01
    stone   : 0.02
    water   : 0.00
    wood    : 0.02
  received_per_tick:
    food_raw: 0.01
    stone   : 0.00
    water   : 0.02
    wood    : 0.01
Fields:
  nodes: 0
  node_ratio: 0.98
  water_ratio: 0.76
  irrigation: 0.87
  season: 0.89
  regen: 0.78
Signals:
  critical_needs: 0.01
  idle_adults: 0.25

=== episode=4500 window=4001-4500 count=500 ===
Summary:
  avg_reward: 2423.32
  avg_steps: 900.0
  avg_births: 160.32
  avg_deaths: 17.67
  lr: 0.000270
  difficulty: 0.16
  tick: 4754
  pop: 152
Scenario mix:
  baseline        : 70 (14.0%)
  food_scarce     : 100 (20.0%)
  housing_pressure: 103 (20.6%)
  low_stockpile   : 90 (18.0%)
  water_scarce    : 137 (27.4%)
Stockpile ratios:
  avg: 0.93
  min: 0.74
  food_raw: 0.97
  stone   : 0.99
  water   : 0.78
  wood    : 0.99
Nodes ratio:
  food_raw: 0.80
  stone   : 0.98
  water   : 0.36
  wood    : 0.96
Needs avg:
  hunger: 0.15
  thirst: 0.16
Housing:
  houses: 64
  beds: 129
  ratio: 0.85
  unsheltered: 0.16
Reproduction:
  ticks: 4500
  couples_per_tick: 23.20
  fertile_per_tick: 58.89
  pregnancies_per_tick: 1.76
  cooldowns_per_tick: 4.93
  chance: 0.0025
  resource_factor: 0.81
  crowding_factor: 0.42
  morale_factor: 0.91
  season_factor: 0.93
  attempts: 76656
  successes: 163
  blocked:
    infertile: 4772
    pregnant: 7898
    cooldown: 10949
    no_resources: 0
    no_housing: 0
    chance: 76493
Merchant:
  trades_per_tick: 0.04
  given_per_tick:
    food_raw: 0.01
    stone   : 0.02
    water   : 0.00
    wood    : 0.01
  received_per_tick:
    food_raw: 0.01
    stone   : 0.00
    water   : 0.02
    wood    : 0.01
Fields:
  nodes: 0
  node_ratio: 0.99
  water_ratio: 0.78
  irrigation: 0.88
  season: 0.90
  regen: 0.80
Signals:
  critical_needs: 0.00
  idle_adults: 0.28

=== episode=5000 window=4501-5000 count=500 ===
Summary:
  avg_reward: 2435.11
  avg_steps: 900.0
  avg_births: 162.07
  avg_deaths: 16.60
  lr: 0.000267
  difficulty: 0.17
  tick: 4613
  pop: 151
Scenario mix:
  baseline        : 75 (15.0%)
  food_scarce     : 100 (20.0%)
  housing_pressure: 95 (19.0%)
  low_stockpile   : 117 (23.4%)
  water_scarce    : 113 (22.6%)
Stockpile ratios:
  avg: 0.93
  min: 0.74
  food_raw: 0.97
  stone   : 0.98
  water   : 0.79
  wood    : 0.98
Nodes ratio:
  food_raw: 0.79
  stone   : 0.97
  water   : 0.39
  wood    : 0.96
Needs avg:
  hunger: 0.15
  thirst: 0.16
Housing:
  houses: 65
  beds: 132
  ratio: 0.85
  unsheltered: 0.16
Reproduction:
  ticks: 4500
  couples_per_tick: 23.40
  fertile_per_tick: 59.02
  pregnancies_per_tick: 1.78
  cooldowns_per_tick: 4.98
  chance: 0.0025
  resource_factor: 0.81
  crowding_factor: 0.42
  morale_factor: 0.90
  season_factor: 0.93
  attempts: 77663
  successes: 164
  blocked:
    infertile: 4768
    pregnant: 7986
    cooldown: 11066
    no_resources: 0
    no_housing: 0
    chance: 77498
Merchant:
  trades_per_tick: 0.04
  given_per_tick:
    food_raw: 0.01
    stone   : 0.01
    water   : 0.00
    wood    : 0.01
  received_per_tick:
    food_raw: 0.01
    stone   : 0.00
    water   : 0.02
    wood    : 0.01
Fields:
  nodes: 0
  node_ratio: 0.98
  water_ratio: 0.79
  irrigation: 0.89
  season: 0.91
  regen: 0.81
Signals:
  critical_needs: 0.00
  idle_adults: 0.27

=== episode=5500 window=5001-5500 count=500 ===
Summary:
  avg_reward: 2435.56
  avg_steps: 900.0
  avg_births: 161.23
  avg_deaths: 17.10
  lr: 0.000263
  difficulty: 0.18
  tick: 5167
  pop: 154
Scenario mix:
  baseline        : 72 (14.4%)
  food_scarce     : 100 (20.0%)
  housing_pressure: 112 (22.4%)
  low_stockpile   : 94 (18.8%)
  water_scarce    : 122 (24.4%)
Stockpile ratios:
  avg: 0.92
  min: 0.73
  food_raw: 0.96
  stone   : 0.99
  water   : 0.77
  wood    : 0.98
Nodes ratio:
  food_raw: 0.79
  stone   : 0.96
  water   : 0.38
  wood    : 0.96
Needs avg:
  hunger: 0.15
  thirst: 0.16
Housing:
  houses: 64
  beds: 131
  ratio: 0.85
  unsheltered: 0.16
Reproduction:
  ticks: 4500
  couples_per_tick: 23.41
  fertile_per_tick: 59.34
  pregnancies_per_tick: 1.77
  cooldowns_per_tick: 4.96
  chance: 0.0025
  resource_factor: 0.81
  crowding_factor: 0.42
  morale_factor: 0.91
  season_factor: 0.93
  attempts: 77244
  successes: 163
  blocked:
    infertile: 4837
    pregnant: 7941
    cooldown: 11023
    no_resources: 0
    no_housing: 0
    chance: 77080
Merchant:
  trades_per_tick: 0.04
  given_per_tick:
    food_raw: 0.01
    stone   : 0.01
    water   : 0.00
    wood    : 0.01
  received_per_tick:
    food_raw: 0.01
    stone   : 0.00
    water   : 0.02
    wood    : 0.01
Fields:
  nodes: 0
  node_ratio: 0.98
  water_ratio: 0.77
  irrigation: 0.87
  season: 0.90
  regen: 0.78
Signals:
  critical_needs: 0.00
  idle_adults: 0.28

=== episode=6000 window=5501-6000 count=500 ===
Summary:
  avg_reward: 2426.54
  avg_steps: 900.0
  avg_births: 160.06
  avg_deaths: 17.26
  lr: 0.000260
  difficulty: 0.19
  tick: 4648
  pop: 134
Scenario mix:
  baseline        : 70 (14.0%)
  food_scarce     : 101 (20.2%)
  housing_pressure: 103 (20.6%)
  low_stockpile   : 94 (18.8%)
  water_scarce    : 132 (26.4%)
Stockpile ratios:
  avg: 0.93
  min: 0.74
  food_raw: 0.96
  stone   : 0.98
  water   : 0.78
  wood    : 0.99
Nodes ratio:
  food_raw: 0.80
  stone   : 0.97
  water   : 0.38
  wood    : 0.96
Needs avg:
  hunger: 0.15
  thirst: 0.16
Housing:
  houses: 64
  beds: 130
  ratio: 0.85
  unsheltered: 0.16
Reproduction:
  ticks: 4500
  couples_per_tick: 23.21
  fertile_per_tick: 58.88
  pregnancies_per_tick: 1.76
  cooldowns_per_tick: 4.92
  chance: 0.0025
  resource_factor: 0.81
  crowding_factor: 0.42
  morale_factor: 0.91
  season_factor: 0.93
  attempts: 76673
  successes: 162
  blocked:
    infertile: 4719
    pregnant: 7880
    cooldown: 10929
    no_resources: 0
    no_housing: 0
    chance: 76511
Merchant:
  trades_per_tick: 0.04
  given_per_tick:
    food_raw: 0.01
    stone   : 0.02
    water   : 0.01
    wood    : 0.01
  received_per_tick:
    food_raw: 0.01
    stone   : 0.00
    water   : 0.02
    wood    : 0.01
Fields:
  nodes: 0
  node_ratio: 0.98
  water_ratio: 0.78
  irrigation: 0.88
  season: 0.90
  regen: 0.79
Signals:
  critical_needs: 0.01
  idle_adults: 0.27

=== episode=6500 window=6001-6500 count=500 ===
Summary:
  avg_reward: 2435.62
  avg_steps: 900.0
  avg_births: 160.93
  avg_deaths: 16.83
  lr: 0.000257
  difficulty: 0.20
  tick: 5084
  pop: 108
Scenario mix:
  baseline        : 78 (15.6%)
  food_scarce     : 103 (20.6%)
  housing_pressure: 106 (21.2%)
  low_stockpile   : 90 (18.0%)
  water_scarce    : 123 (24.6%)
Stockpile ratios:
  avg: 0.92
  min: 0.72
  food_raw: 0.97
  stone   : 0.99
  water   : 0.76
  wood    : 0.99
Nodes ratio:
  food_raw: 0.80
  stone   : 0.97
  water   : 0.38
  wood    : 0.96
Needs avg:
  hunger: 0.15
  thirst: 0.17
Housing:
  houses: 64
  beds: 131
  ratio: 0.86
  unsheltered: 0.16
Reproduction:
  ticks: 4500
  couples_per_tick: 23.37
  fertile_per_tick: 59.19
  pregnancies_per_tick: 1.77
  cooldowns_per_tick: 4.95
  chance: 0.0025
  resource_factor: 0.81
  crowding_factor: 0.42
  morale_factor: 0.91
  season_factor: 0.93
  attempts: 77262
  successes: 163
  blocked:
    infertile: 4815
    pregnant: 7924
    cooldown: 10994
    no_resources: 0
    no_housing: 0
    chance: 77098
Merchant:
  trades_per_tick: 0.04
  given_per_tick:
    food_raw: 0.01
    stone   : 0.02
    water   : 0.01
    wood    : 0.01
  received_per_tick:
    food_raw: 0.02
    stone   : 0.00
    water   : 0.02
    wood    : 0.01
Fields:
  nodes: 0
  node_ratio: 0.98
  water_ratio: 0.76
  irrigation: 0.87
  season: 0.91
  regen: 0.79
Signals:
  critical_needs: 0.00
  idle_adults: 0.28

=== episode=7000 window=6501-7000 count=500 ===
Summary:
  avg_reward: 2440.44
  avg_steps: 900.0
  avg_births: 159.29
  avg_deaths: 16.28
  lr: 0.000253
  difficulty: 0.21
  tick: 4885
  pop: 83
Scenario mix:
  baseline        : 62 (12.4%)
  food_scarce     : 100 (20.0%)
  housing_pressure: 106 (21.2%)
  low_stockpile   : 107 (21.4%)
  water_scarce    : 125 (25.0%)
Stockpile ratios:
  avg: 0.92
  min: 0.72
  food_raw: 0.98
  stone   : 0.98
  water   : 0.75
  wood    : 0.98
Nodes ratio:
  food_raw: 0.80
  stone   : 0.97
  water   : 0.40
  wood    : 0.97
Needs avg:
  hunger: 0.15
  thirst: 0.17
Housing:
  houses: 64
  beds: 131
  ratio: 0.86
  unsheltered: 0.16
Reproduction:
  ticks: 4500
  couples_per_tick: 23.09
  fertile_per_tick: 58.23
  pregnancies_per_tick: 1.75
  cooldowns_per_tick: 4.90
  chance: 0.0025
  resource_factor: 0.81
  crowding_factor: 0.42
  morale_factor: 0.90
  season_factor: 0.93
  attempts: 76610
  successes: 161
  blocked:
    infertile: 4752
    pregnant: 7846
    cooldown: 10884
    no_resources: 0
    no_housing: 0
    chance: 76448
Merchant:
  trades_per_tick: 0.04
  given_per_tick:
    food_raw: 0.01
    stone   : 0.02
    water   : 0.01
    wood    : 0.01
  received_per_tick:
    food_raw: 0.01
    stone   : 0.00
    water   : 0.02
    wood    : 0.01
Fields:
  nodes: 0
  node_ratio: 0.99
  water_ratio: 0.75
  irrigation: 0.86
  season: 0.89
  regen: 0.78
Signals:
  critical_needs: 0.01
  idle_adults: 0.26

=== episode=7500 window=7001-7500 count=500 ===
Summary:
  avg_reward: 2431.03
  avg_steps: 900.0
  avg_births: 161.02
  avg_deaths: 16.68
  lr: 0.000250
  difficulty: 0.22
  tick: 5100
  pop: 164
Scenario mix:
  baseline        : 77 (15.4%)
  food_scarce     : 103 (20.6%)
  housing_pressure: 98 (19.6%)
  low_stockpile   : 100 (20.0%)
  water_scarce    : 122 (24.4%)
Stockpile ratios:
  avg: 0.93
  min: 0.73
  food_raw: 0.97
  stone   : 0.98
  water   : 0.77
  wood    : 0.98
Nodes ratio:
  food_raw: 0.79
  stone   : 0.97
  water   : 0.38
  wood    : 0.97
Needs avg:
  hunger: 0.15
  thirst: 0.16
Housing:
  houses: 64
  beds: 131
  ratio: 0.85
  unsheltered: 0.16
Reproduction:
  ticks: 4500
  couples_per_tick: 23.26
  fertile_per_tick: 59.06
  pregnancies_per_tick: 1.77
  cooldowns_per_tick: 4.95
  chance: 0.0025
  resource_factor: 0.81
  crowding_factor: 0.42
  morale_factor: 0.90
  season_factor: 0.93
  attempts: 76958
  successes: 163
  blocked:
    infertile: 4750
    pregnant: 7928
    cooldown: 11000
    no_resources: 0
    no_housing: 0
    chance: 76795
Merchant:
  trades_per_tick: 0.04
  given_per_tick:
    food_raw: 0.01
    stone   : 0.02
    water   : 0.01
    wood    : 0.01
  received_per_tick:
    food_raw: 0.02
    stone   : 0.00
    water   : 0.02
    wood    : 0.01
Fields:
  nodes: 0
  node_ratio: 0.98
  water_ratio: 0.77
  irrigation: 0.87
  season: 0.90
  regen: 0.79
Signals:
  critical_needs: 0.01
  idle_adults: 0.25

=== episode=8000 window=7501-8000 count=500 ===
Summary:
  avg_reward: 2430.98
  avg_steps: 900.0
  avg_births: 161.02
  avg_deaths: 17.18
  lr: 0.000247
  difficulty: 0.23
  tick: 4624
  pop: 176
Scenario mix:
  baseline        : 87 (17.4%)
  food_scarce     : 107 (21.4%)
  housing_pressure: 92 (18.4%)
  low_stockpile   : 98 (19.6%)
  water_scarce    : 116 (23.2%)
Stockpile ratios:
  avg: 0.93
  min: 0.76
  food_raw: 0.97
  stone   : 0.98
  water   : 0.80
  wood    : 0.98
Nodes ratio:
  food_raw: 0.79
  stone   : 0.96
  water   : 0.39
  wood    : 0.96
Needs avg:
  hunger: 0.15
  thirst: 0.16
Housing:
  houses: 65
  beds: 132
  ratio: 0.86
  unsheltered: 0.15
Reproduction:
  ticks: 4500
  couples_per_tick: 23.34
  fertile_per_tick: 58.85
  pregnancies_per_tick: 1.77
  cooldowns_per_tick: 4.95
  chance: 0.0025
  resource_factor: 0.81
  crowding_factor: 0.42
  morale_factor: 0.90
  season_factor: 0.93
  attempts: 77377
  successes: 163
  blocked:
    infertile: 4787
    pregnant: 7935
    cooldown: 11009
    no_resources: 0
    no_housing: 0
    chance: 77213
Merchant:
  trades_per_tick: 0.04
  given_per_tick:
    food_raw: 0.01
    stone   : 0.02
    water   : 0.01
    wood    : 0.01
  received_per_tick:
    food_raw: 0.02
    stone   : 0.00
    water   : 0.02
    wood    : 0.01
Fields:
  nodes: 0
  node_ratio: 0.99
  water_ratio: 0.80
  irrigation: 0.89
  season: 0.90
  regen: 0.81
Signals:
  critical_needs: 0.00
  idle_adults: 0.28

=== episode=8500 window=8001-8500 count=500 ===
Summary:
  avg_reward: 2430.41
  avg_steps: 900.0
  avg_births: 161.69
  avg_deaths: 17.03
  lr: 0.000243
  difficulty: 0.24
  tick: 4606
  pop: 210
Scenario mix:
  baseline        : 68 (13.6%)
  food_scarce     : 94 (18.8%)
  housing_pressure: 110 (22.0%)
  low_stockpile   : 106 (21.2%)
  water_scarce    : 122 (24.4%)
Stockpile ratios:
  avg: 0.93
  min: 0.73
  food_raw: 0.97
  stone   : 0.99
  water   : 0.76
  wood    : 0.99
Nodes ratio:
  food_raw: 0.79
  stone   : 0.96
  water   : 0.37
  wood    : 0.96
Needs avg:
  hunger: 0.15
  thirst: 0.16
Housing:
  houses: 65
  beds: 132
  ratio: 0.86
  unsheltered: 0.16
Reproduction:
  ticks: 4500
  couples_per_tick: 23.51
  fertile_per_tick: 59.35
  pregnancies_per_tick: 1.77
  cooldowns_per_tick: 4.97
  chance: 0.0025
  resource_factor: 0.81
  crowding_factor: 0.42
  morale_factor: 0.90
  season_factor: 0.93
  attempts: 77970
  successes: 164
  blocked:
    infertile: 4741
    pregnant: 7961
    cooldown: 11058
    no_resources: 0
    no_housing: 0
    chance: 77805
Merchant:
  trades_per_tick: 0.04
  given_per_tick:
    food_raw: 0.01
    stone   : 0.02
    water   : 0.01
    wood    : 0.01
  received_per_tick:
    food_raw: 0.02
    stone   : 0.00
    water   : 0.02
    wood    : 0.01
Fields:
  nodes: 0
  node_ratio: 0.98
  water_ratio: 0.76
  irrigation: 0.87
  season: 0.89
  regen: 0.78
Signals:
  critical_needs: 0.00
  idle_adults: 0.28

=== episode=9000 window=8501-9000 count=500 ===
Summary:
  avg_reward: 2426.09
  avg_steps: 900.0
  avg_births: 161.38
  avg_deaths: 17.16
  lr: 0.000240
  difficulty: 0.25
  tick: 4695
  pop: 192
Scenario mix:
  baseline        : 72 (14.4%)
  food_scarce     : 109 (21.8%)
  housing_pressure: 96 (19.2%)
  low_stockpile   : 104 (20.8%)
  water_scarce    : 119 (23.8%)
Stockpile ratios:
  avg: 0.93
  min: 0.74
  food_raw: 0.97
  stone   : 0.99
  water   : 0.78
  wood    : 0.98
Nodes ratio:
  food_raw: 0.79
  stone   : 0.96
  water   : 0.38
  wood    : 0.96
Needs avg:
  hunger: 0.15
  thirst: 0.17
Housing:
  houses: 65
  beds: 131
  ratio: 0.86
  unsheltered: 0.16
Reproduction:
  ticks: 4500
  couples_per_tick: 23.45
  fertile_per_tick: 59.24
  pregnancies_per_tick: 1.77
  cooldowns_per_tick: 4.96
  chance: 0.0025
  resource_factor: 0.81
  crowding_factor: 0.42
  morale_factor: 0.90
  season_factor: 0.93
  attempts: 77478
  successes: 164
  blocked:
    infertile: 4775
    pregnant: 7945
    cooldown: 11026
    no_resources: 0
    no_housing: 0
    chance: 77314
Merchant:
  trades_per_tick: 0.04
  given_per_tick:
    food_raw: 0.01
    stone   : 0.02
    water   : 0.01
    wood    : 0.01
  received_per_tick:
    food_raw: 0.02
    stone   : 0.00
    water   : 0.02
    wood    : 0.01
Fields:
  nodes: 0
  node_ratio: 0.97
  water_ratio: 0.78
  irrigation: 0.88
  season: 0.91
  regen: 0.80
Signals:
  critical_needs: 0.01
  idle_adults: 0.28

=== episode=9500 window=9001-9500 count=500 ===
Summary:
  avg_reward: 2401.46
  avg_steps: 900.0
  avg_births: 158.87
  avg_deaths: 18.38
  lr: 0.000237
  difficulty: 0.25
  tick: 5064
  pop: 131
Scenario mix:
  baseline        : 72 (14.4%)
  food_scarce     : 89 (17.8%)
  housing_pressure: 80 (16.0%)
  low_stockpile   : 102 (20.4%)
  water_scarce    : 157 (31.4%)
Stockpile ratios:
  avg: 0.91
  min: 0.68
  food_raw: 0.96
  stone   : 0.99
  water   : 0.71
  wood    : 0.99
Nodes ratio:
  food_raw: 0.80
  stone   : 0.96
  water   : 0.35
  wood    : 0.97
Needs avg:
  hunger: 0.15
  thirst: 0.17
Housing:
  houses: 63
  beds: 129
  ratio: 0.86
  unsheltered: 0.15
Reproduction:
  ticks: 4500
  couples_per_tick: 23.34
  fertile_per_tick: 58.98
  pregnancies_per_tick: 1.74
  cooldowns_per_tick: 4.89
  chance: 0.0025
  resource_factor: 0.80
  crowding_factor: 0.42
  morale_factor: 0.90
  season_factor: 0.93
  attempts: 76253
  successes: 161
  blocked:
    infertile: 4668
    pregnant: 7816
    cooldown: 10851
    no_resources: 0
    no_housing: 0
    chance: 76092
Merchant:
  trades_per_tick: 0.04
  given_per_tick:
    food_raw: 0.01
    stone   : 0.02
    water   : 0.01
    wood    : 0.01
  received_per_tick:
    food_raw: 0.02
    stone   : 0.00
    water   : 0.02
    wood    : 0.01
Fields:
  nodes: 0
  node_ratio: 0.99
  water_ratio: 0.71
  irrigation: 0.84
  season: 0.89
  regen: 0.76
Signals:
  critical_needs: 0.01
  idle_adults: 0.26

=== episode=10000 window=9501-10000 count=500 ===
Summary:
  avg_reward: 2433.45
  avg_steps: 900.0
  avg_births: 162.45
  avg_deaths: 16.84
  lr: 0.000233
  difficulty: 0.26
  tick: 5104
  pop: 170
Scenario mix:
  baseline        : 81 (16.2%)
  food_scarce     : 102 (20.4%)
  housing_pressure: 86 (17.2%)
  low_stockpile   : 101 (20.2%)
  water_scarce    : 130 (26.0%)
Stockpile ratios:
  avg: 0.93
  min: 0.73
  food_raw: 0.97
  stone   : 0.98
  water   : 0.76
  wood    : 0.99
Nodes ratio:
  food_raw: 0.79
  stone   : 0.97
  water   : 0.36
  wood    : 0.97
Needs avg:
  hunger: 0.15
  thirst: 0.16
Housing:
  houses: 65
  beds: 132
  ratio: 0.85
  unsheltered: 0.16
Reproduction:
  ticks: 4500
  couples_per_tick: 23.46
  fertile_per_tick: 59.22
  pregnancies_per_tick: 1.78
  cooldowns_per_tick: 5.00
  chance: 0.0025
  resource_factor: 0.81
  crowding_factor: 0.42
  morale_factor: 0.90
  season_factor: 0.93
  attempts: 77777
  successes: 165
  blocked:
    infertile: 4749
    pregnant: 7997
    cooldown: 11102
    no_resources: 0
    no_housing: 0
    chance: 77611
Merchant:
  trades_per_tick: 0.04
  given_per_tick:
    food_raw: 0.01
    stone   : 0.02
    water   : 0.01
    wood    : 0.01
  received_per_tick:
    food_raw: 0.02
    stone   : 0.00
    water   : 0.02
    wood    : 0.01
Fields:
  nodes: 0
  node_ratio: 0.99
  water_ratio: 0.76
  irrigation: 0.87
  season: 0.88
  regen: 0.77
Signals:
  critical_needs: 0.00
  idle_adults: 0.24

=== episode=10500 window=10001-10500 count=500 ===
Summary:
  avg_reward: 2439.29
  avg_steps: 900.0
  avg_births: 162.11
  avg_deaths: 16.30
  lr: 0.000230
  difficulty: 0.27
  tick: 5003
  pop: 164
Scenario mix:
  baseline        : 76 (15.2%)
  food_scarce     : 115 (23.0%)
  housing_pressure: 87 (17.4%)
  low_stockpile   : 110 (22.0%)
  water_scarce    : 112 (22.4%)
Stockpile ratios:
  avg: 0.93
  min: 0.74
  food_raw: 0.96
  stone   : 0.99
  water   : 0.78
  wood    : 0.99
Nodes ratio:
  food_raw: 0.79
  stone   : 0.97
  water   : 0.40
  wood    : 0.96
Needs avg:
  hunger: 0.15
  thirst: 0.16
Housing:
  houses: 65
  beds: 132
  ratio: 0.85
  unsheltered: 0.16
Reproduction:
  ticks: 4500
  couples_per_tick: 23.27
  fertile_per_tick: 58.65
  pregnancies_per_tick: 1.78
  cooldowns_per_tick: 4.98
  chance: 0.0025
  resource_factor: 0.81
  crowding_factor: 0.42
  morale_factor: 0.90
  season_factor: 0.93
  attempts: 77123
  successes: 164
  blocked:
    infertile: 4690
    pregnant: 7990
    cooldown: 11083
    no_resources: 0
    no_housing: 0
    chance: 76958
Merchant:
  trades_per_tick: 0.04
  given_per_tick:
    food_raw: 0.01
    stone   : 0.02
    water   : 0.00
    wood    : 0.01
  received_per_tick:
    food_raw: 0.01
    stone   : 0.00
    water   : 0.02
    wood    : 0.01
Fields:
  nodes: 0
  node_ratio: 0.98
  water_ratio: 0.78
  irrigation: 0.88
  season: 0.90
  regen: 0.80
Signals:
  critical_needs: 0.01
  idle_adults: 0.29

=== episode=11000 window=10501-11000 count=500 ===
Summary:
  avg_reward: 2431.64
  avg_steps: 900.0
  avg_births: 159.52
  avg_deaths: 17.04
  lr: 0.000227
  difficulty: 0.28
  tick: 5248
  pop: 133
Scenario mix:
  baseline        : 71 (14.2%)
  food_scarce     : 109 (21.8%)
  housing_pressure: 101 (20.2%)
  low_stockpile   : 91 (18.2%)
  water_scarce    : 128 (25.6%)
Stockpile ratios:
  avg: 0.92
  min: 0.73
  food_raw: 0.97
  stone   : 0.98
  water   : 0.76
  wood    : 0.99
Nodes ratio:
  food_raw: 0.80
  stone   : 0.97
  water   : 0.39
  wood    : 0.97
Needs avg:
  hunger: 0.15
  thirst: 0.17
Housing:
  houses: 64
  beds: 131
  ratio: 0.86
  unsheltered: 0.15
Reproduction:
  ticks: 4500
  couples_per_tick: 23.17
  fertile_per_tick: 58.57
  pregnancies_per_tick: 1.75
  cooldowns_per_tick: 4.91
  chance: 0.0025
  resource_factor: 0.81
  crowding_factor: 0.42
  morale_factor: 0.91
  season_factor: 0.93
  attempts: 76380
  successes: 162
  blocked:
    infertile: 4724
    pregnant: 7853
    cooldown: 10898
    no_resources: 0
    no_housing: 0
    chance: 76218
Merchant:
  trades_per_tick: 0.04
  given_per_tick:
    food_raw: 0.01
    stone   : 0.02
    water   : 0.00
    wood    : 0.01
  received_per_tick:
    food_raw: 0.01
    stone   : 0.00
    water   : 0.02
    wood    : 0.01
Fields:
  nodes: 0
  node_ratio: 0.98
  water_ratio: 0.76
  irrigation: 0.87
  season: 0.89
  regen: 0.77
Signals:
  critical_needs: 0.01
  idle_adults: 0.26

=== episode=11500 window=11001-11500 count=500 ===
Summary:
  avg_reward: 2423.84
  avg_steps: 900.0
  avg_births: 160.09
  avg_deaths: 17.04
  lr: 0.000223
  difficulty: 0.29
  tick: 4973
  pop: 152
Scenario mix:
  baseline        : 67 (13.4%)
  food_scarce     : 110 (22.0%)
  housing_pressure: 91 (18.2%)
  low_stockpile   : 103 (20.6%)
  water_scarce    : 129 (25.8%)
Stockpile ratios:
  avg: 0.92
  min: 0.71
  food_raw: 0.97
  stone   : 0.99
  water   : 0.75
  wood    : 0.98
Nodes ratio:
  food_raw: 0.79
  stone   : 0.96
  water   : 0.37
  wood    : 0.97
Needs avg:
  hunger: 0.15
  thirst: 0.16
Housing:
  houses: 64
  beds: 131
  ratio: 0.86
  unsheltered: 0.15
Reproduction:
  ticks: 4500
  couples_per_tick: 23.25
  fertile_per_tick: 58.62
  pregnancies_per_tick: 1.76
  cooldowns_per_tick: 4.92
  chance: 0.0025
  resource_factor: 0.81
  crowding_factor: 0.42
  morale_factor: 0.90
  season_factor: 0.93
  attempts: 76602
  successes: 162
  blocked:
    infertile: 4729
    pregnant: 7878
    cooldown: 10926
    no_resources: 0
    no_housing: 0
    chance: 76439
Merchant:
  trades_per_tick: 0.04
  given_per_tick:
    food_raw: 0.01
    stone   : 0.02
    water   : 0.00
    wood    : 0.01
  received_per_tick:
    food_raw: 0.01
    stone   : 0.00
    water   : 0.02
    wood    : 0.01
Fields:
  nodes: 0
  node_ratio: 0.97
  water_ratio: 0.75
  irrigation: 0.86
  season: 0.91
  regen: 0.79
Signals:
  critical_needs: 0.00
  idle_adults: 0.24

=== episode=12000 window=11501-12000 count=500 ===
Summary:
  avg_reward: 2426.43
  avg_steps: 900.0
  avg_births: 161.86
  avg_deaths: 17.08
  lr: 0.000220
  difficulty: 0.30
  tick: 4701
  pop: 213
Scenario mix:
  baseline        : 89 (17.8%)
  food_scarce     : 102 (20.4%)
  housing_pressure: 89 (17.8%)
  low_stockpile   : 100 (20.0%)
  water_scarce    : 120 (24.0%)
Stockpile ratios:
  avg: 0.93
  min: 0.75
  food_raw: 0.97
  stone   : 0.99
  water   : 0.78
  wood    : 0.98
Nodes ratio:
  food_raw: 0.80
  stone   : 0.96
  water   : 0.38
  wood    : 0.96
Needs avg:
  hunger: 0.15
  thirst: 0.16
Housing:
  houses: 65
  beds: 131
  ratio: 0.85
  unsheltered: 0.16
Reproduction:
  ticks: 4500
  couples_per_tick: 23.37
  fertile_per_tick: 59.06
  pregnancies_per_tick: 1.78
  cooldowns_per_tick: 4.98
  chance: 0.0025
  resource_factor: 0.81
  crowding_factor: 0.42
  morale_factor: 0.90
  season_factor: 0.93
  attempts: 77526
  successes: 164
  blocked:
    infertile: 4694
    pregnant: 7971
    cooldown: 11053
    no_resources: 0
    no_housing: 0
    chance: 77362
Merchant:
  trades_per_tick: 0.04
  given_per_tick:
    food_raw: 0.01
    stone   : 0.02
    water   : 0.01
    wood    : 0.01
  received_per_tick:
    food_raw: 0.01
    stone   : 0.00
    water   : 0.02
    wood    : 0.01
Fields:
  nodes: 0
  node_ratio: 0.99
  water_ratio: 0.78
  irrigation: 0.88
  season: 0.92
  regen: 0.81
Signals:
  critical_needs: 0.00
  idle_adults: 0.26

=== episode=12500 window=12001-12500 count=500 ===
Summary:
  avg_reward: 2422.88
  avg_steps: 900.0
  avg_births: 160.44
  avg_deaths: 17.42
  lr: 0.000217
  difficulty: 0.31
  tick: 4822
  pop: 165
Scenario mix:
  baseline        : 80 (16.0%)
  food_scarce     : 90 (18.0%)
  housing_pressure: 107 (21.4%)
  low_stockpile   : 103 (20.6%)
  water_scarce    : 120 (24.0%)
Stockpile ratios:
  avg: 0.93
  min: 0.74
  food_raw: 0.97
  stone   : 0.99
  water   : 0.78
  wood    : 0.98
Nodes ratio:
  food_raw: 0.80
  stone   : 0.96
  water   : 0.39
  wood    : 0.97
Needs avg:
  hunger: 0.15
  thirst: 0.16
Housing:
  houses: 64
  beds: 130
  ratio: 0.85
  unsheltered: 0.16
Reproduction:
  ticks: 4500
  couples_per_tick: 23.26
  fertile_per_tick: 58.94
  pregnancies_per_tick: 1.76
  cooldowns_per_tick: 4.93
  chance: 0.0025
  resource_factor: 0.81
  crowding_factor: 0.42
  morale_factor: 0.90
  season_factor: 0.93
  attempts: 76670
  successes: 163
  blocked:
    infertile: 4753
    pregnant: 7900
    cooldown: 10957
    no_resources: 0
    no_housing: 0
    chance: 76507
Merchant:
  trades_per_tick: 0.04
  given_per_tick:
    food_raw: 0.01
    stone   : 0.01
    water   : 0.01
    wood    : 0.01
  received_per_tick:
    food_raw: 0.01
    stone   : 0.00
    water   : 0.02
    wood    : 0.01
Fields:
  nodes: 0
  node_ratio: 0.98
  water_ratio: 0.78
  irrigation: 0.88
  season: 0.90
  regen: 0.79
Signals:
  critical_needs: 0.00
  idle_adults: 0.28

=== episode=13000 window=12501-13000 count=500 ===
Summary:
  avg_reward: 2431.86
  avg_steps: 900.0
  avg_births: 161.63
  avg_deaths: 17.39
  lr: 0.000213
  difficulty: 0.32
  tick: 5142
  pop: 131
Scenario mix:
  baseline        : 77 (15.4%)
  food_scarce     : 96 (19.2%)
  housing_pressure: 99 (19.8%)
  low_stockpile   : 95 (19.0%)
  water_scarce    : 133 (26.6%)
Stockpile ratios:
  avg: 0.92
  min: 0.71
  food_raw: 0.97
  stone   : 0.98
  water   : 0.76
  wood    : 0.98
Nodes ratio:
  food_raw: 0.79
  stone   : 0.96
  water   : 0.37
  wood    : 0.96
Needs avg:
  hunger: 0.15
  thirst: 0.16
Housing:
  houses: 65
  beds: 132
  ratio: 0.86
  unsheltered: 0.15
Reproduction:
  ticks: 4500
  couples_per_tick: 23.48
  fertile_per_tick: 59.31
  pregnancies_per_tick: 1.77
  cooldowns_per_tick: 4.97
  chance: 0.0025
  resource_factor: 0.81
  crowding_factor: 0.42
  morale_factor: 0.91
  season_factor: 0.93
  attempts: 77852
  successes: 164
  blocked:
    infertile: 4762
    pregnant: 7960
    cooldown: 11049
    no_resources: 0
    no_housing: 0
    chance: 77688
Merchant:
  trades_per_tick: 0.04
  given_per_tick:
    food_raw: 0.01
    stone   : 0.01
    water   : 0.01
    wood    : 0.02
  received_per_tick:
    food_raw: 0.01
    stone   : 0.00
    water   : 0.02
    wood    : 0.01
Fields:
  nodes: 0
  node_ratio: 0.99
  water_ratio: 0.76
  irrigation: 0.87
  season: 0.90
  regen: 0.78
Signals:
  critical_needs: 0.01
  idle_adults: 0.26

=== episode=13500 window=13001-13500 count=500 ===
Summary:
  avg_reward: 2426.96
  avg_steps: 900.0
  avg_births: 160.08
  avg_deaths: 17.41
  lr: 0.000210
  difficulty: 0.33
  tick: 4582
  pop: 125
Scenario mix:
  baseline        : 69 (13.8%)
  food_scarce     : 108 (21.6%)
  housing_pressure: 90 (18.0%)
  low_stockpile   : 102 (20.4%)
  water_scarce    : 131 (26.2%)
Stockpile ratios:
  avg: 0.93
  min: 0.73
  food_raw: 0.97
  stone   : 0.98
  water   : 0.77
  wood    : 0.99
Nodes ratio:
  food_raw: 0.78
  stone   : 0.97
  water   : 0.38
  wood    : 0.97
Needs avg:
  hunger: 0.15
  thirst: 0.16
Housing:
  houses: 64
  beds: 131
  ratio: 0.86
  unsheltered: 0.15
Reproduction:
  ticks: 4500
  couples_per_tick: 23.21
  fertile_per_tick: 58.75
  pregnancies_per_tick: 1.76
  cooldowns_per_tick: 4.92
  chance: 0.0025
  resource_factor: 0.81
  crowding_factor: 0.42
  morale_factor: 0.90
  season_factor: 0.93
  attempts: 76536
  successes: 162
  blocked:
    infertile: 4745
    pregnant: 7885
    cooldown: 10927
    no_resources: 0
    no_housing: 0
    chance: 76373
Merchant:
  trades_per_tick: 0.04
  given_per_tick:
    food_raw: 0.01
    stone   : 0.01
    water   : 0.00
    wood    : 0.01
  received_per_tick:
    food_raw: 0.01
    stone   : 0.00
    water   : 0.02
    wood    : 0.01
Fields:
  nodes: 0
  node_ratio: 0.97
  water_ratio: 0.77
  irrigation: 0.87
  season: 0.92
  regen: 0.80
Signals:
  critical_needs: 0.00
  idle_adults: 0.28

=== episode=14000 window=13501-14000 count=500 ===
Summary:
  avg_reward: 2422.68
  avg_steps: 900.0
  avg_births: 163.15
  avg_deaths: 17.54
  lr: 0.000207
  difficulty: 0.34
  tick: 4935
  pop: 137
Scenario mix:
  baseline        : 77 (15.4%)
  food_scarce     : 94 (18.8%)
  housing_pressure: 100 (20.0%)
  low_stockpile   : 104 (20.8%)
  water_scarce    : 125 (25.0%)
Stockpile ratios:
  avg: 0.93
  min: 0.73
  food_raw: 0.97
  stone   : 0.99
  water   : 0.76
  wood    : 0.99
Nodes ratio:
  food_raw: 0.78
  stone   : 0.95
  water   : 0.37
  wood    : 0.96
Needs avg:
  hunger: 0.15
  thirst: 0.16
Housing:
  houses: 65
  beds: 132
  ratio: 0.85
  unsheltered: 0.16
Reproduction:
  ticks: 4500
  couples_per_tick: 23.83
  fertile_per_tick: 60.08
  pregnancies_per_tick: 1.79
  cooldowns_per_tick: 5.02
  chance: 0.0025
  resource_factor: 0.81
  crowding_factor: 0.42
  morale_factor: 0.90
  season_factor: 0.93
  attempts: 78753
  successes: 165
  blocked:
    infertile: 4758
    pregnant: 8032
    cooldown: 11143
    no_resources: 0
    no_housing: 0
    chance: 78587
Merchant:
  trades_per_tick: 0.04
  given_per_tick:
    food_raw: 0.01
    stone   : 0.01
    water   : 0.00
    wood    : 0.01
  received_per_tick:
    food_raw: 0.01
    stone   : 0.00
    water   : 0.02
    wood    : 0.01
Fields:
  nodes: 0
  node_ratio: 0.98
  water_ratio: 0.76
  irrigation: 0.87
  season: 0.90
  regen: 0.79
Signals:
  critical_needs: 0.01
  idle_adults: 0.29

=== episode=14500 window=14001-14500 count=500 ===
Summary:
  avg_reward: 2429.52
  avg_steps: 900.0
  avg_births: 160.94
  avg_deaths: 17.53
  lr: 0.000203
  difficulty: 0.35
  tick: 4942
  pop: 102
Scenario mix:
  baseline        : 80 (16.0%)
  food_scarce     : 96 (19.2%)
  housing_pressure: 95 (19.0%)
  low_stockpile   : 92 (18.4%)
  water_scarce    : 137 (27.4%)
Stockpile ratios:
  avg: 0.93
  min: 0.74
  food_raw: 0.97
  stone   : 0.99
  water   : 0.77
  wood    : 0.99
Nodes ratio:
  food_raw: 0.80
  stone   : 0.96
  water   : 0.37
  wood    : 0.96
Needs avg:
  hunger: 0.15
  thirst: 0.16
Housing:
  houses: 64
  beds: 131
  ratio: 0.86
  unsheltered: 0.16
Reproduction:
  ticks: 4500
  couples_per_tick: 23.34
  fertile_per_tick: 59.05
  pregnancies_per_tick: 1.77
  cooldowns_per_tick: 4.94
  chance: 0.0025
  resource_factor: 0.81
  crowding_factor: 0.42
  morale_factor: 0.91
  season_factor: 0.93
  attempts: 77079
  successes: 163
  blocked:
    infertile: 4764
    pregnant: 7922
    cooldown: 10989
    no_resources: 0
    no_housing: 0
    chance: 76915
Merchant:
  trades_per_tick: 0.04
  given_per_tick:
    food_raw: 0.01
    stone   : 0.02
    water   : 0.00
    wood    : 0.01
  received_per_tick:
    food_raw: 0.01
    stone   : 0.00
    water   : 0.02
    wood    : 0.01
Fields:
  nodes: 0
  node_ratio: 0.99
  water_ratio: 0.77
  irrigation: 0.87
  season: 0.89
  regen: 0.78
Signals:
  critical_needs: 0.00
  idle_adults: 0.27

=== episode=15000 window=14501-15000 count=500 ===
Summary:
  avg_reward: 2429.54
  avg_steps: 900.0
  avg_births: 160.75
  avg_deaths: 17.05
  lr: 0.000200
  difficulty: 0.36
  tick: 5110
  pop: 135
Scenario mix:
  baseline        : 86 (17.2%)
  food_scarce     : 81 (16.2%)
  housing_pressure: 116 (23.2%)
  low_stockpile   : 84 (16.8%)
  water_scarce    : 133 (26.6%)
Stockpile ratios:
  avg: 0.93
  min: 0.72
  food_raw: 0.97
  stone   : 0.99
  water   : 0.75
  wood    : 0.99
Nodes ratio:
  food_raw: 0.80
  stone   : 0.96
  water   : 0.37
  wood    : 0.97
Needs avg:
  hunger: 0.15
  thirst: 0.17
Housing:
  houses: 64
  beds: 130
  ratio: 0.85
  unsheltered: 0.16
Reproduction:
  ticks: 4500
  couples_per_tick: 23.51
  fertile_per_tick: 59.62
  pregnancies_per_tick: 1.76
  cooldowns_per_tick: 4.94
  chance: 0.0025
  resource_factor: 0.81
  crowding_factor: 0.42
  morale_factor: 0.91
  season_factor: 0.93
  attempts: 77382
  successes: 163
  blocked:
    infertile: 4834
    pregnant: 7910
    cooldown: 10981
    no_resources: 0
    no_housing: 0
    chance: 77218
Merchant:
  trades_per_tick: 0.04
  given_per_tick:
    food_raw: 0.01
    stone   : 0.02
    water   : 0.01
    wood    : 0.01
  received_per_tick:
    food_raw: 0.01
    stone   : 0.00
    water   : 0.02
    wood    : 0.01
Fields:
  nodes: 0
  node_ratio: 0.99
  water_ratio: 0.75
  irrigation: 0.86
  season: 0.90
  regen: 0.78
Signals:
  critical_needs: 0.00
  idle_adults: 0.27

=== episode=15500 window=15001-15500 count=500 ===
Summary:
  avg_reward: 2429.06
  avg_steps: 900.0
  avg_births: 160.26
  avg_deaths: 17.26
  lr: 0.000197
  difficulty: 0.37
  tick: 5127
  pop: 132
Scenario mix:
  baseline        : 80 (16.0%)
  food_scarce     : 88 (17.6%)
  housing_pressure: 105 (21.0%)
  low_stockpile   : 95 (19.0%)
  water_scarce    : 132 (26.4%)
Stockpile ratios:
  avg: 0.93
  min: 0.72
  food_raw: 0.97
  stone   : 0.98
  water   : 0.76
  wood    : 0.99
Nodes ratio:
  food_raw: 0.80
  stone   : 0.96
  water   : 0.38
  wood    : 0.97
Needs avg:
  hunger: 0.15
  thirst: 0.16
Housing:
  houses: 64
  beds: 131
  ratio: 0.86
  unsheltered: 0.15
Reproduction:
  ticks: 4500
  couples_per_tick: 23.39
  fertile_per_tick: 59.18
  pregnancies_per_tick: 1.76
  cooldowns_per_tick: 4.93
  chance: 0.0025
  resource_factor: 0.81
  crowding_factor: 0.42
  morale_factor: 0.91
  season_factor: 0.93
  attempts: 77145
  successes: 162
  blocked:
    infertile: 4742
    pregnant: 7892
    cooldown: 10961
    no_resources: 0
    no_housing: 0
    chance: 76982
Merchant:
  trades_per_tick: 0.04
  given_per_tick:
    food_raw: 0.01
    stone   : 0.01
    water   : 0.01
    wood    : 0.01
  received_per_tick:
    food_raw: 0.01
    stone   : 0.00
    water   : 0.02
    wood    : 0.01
Fields:
  nodes: 0
  node_ratio: 0.98
  water_ratio: 0.76
  irrigation: 0.87
  season: 0.90
  regen: 0.78
Signals:
  critical_needs: 0.00
  idle_adults: 0.26

=== episode=16000 window=15501-16000 count=500 ===
Summary:
  avg_reward: 2430.53
  avg_steps: 900.0
  avg_births: 160.14
  avg_deaths: 16.78
  lr: 0.000193
  difficulty: 0.37
  tick: 4571
  pop: 140
Scenario mix:
  baseline        : 71 (14.2%)
  food_scarce     : 86 (17.2%)
  housing_pressure: 100 (20.0%)
  low_stockpile   : 116 (23.2%)
  water_scarce    : 127 (25.4%)
Stockpile ratios:
  avg: 0.93
  min: 0.73
  food_raw: 0.97
  stone   : 0.98
  water   : 0.77
  wood    : 0.99
Nodes ratio:
  food_raw: 0.80
  stone   : 0.97
  water   : 0.39
  wood    : 0.97
Needs avg:
  hunger: 0.15
  thirst: 0.17
Housing:
  houses: 65
  beds: 132
  ratio: 0.86
  unsheltered: 0.15
Reproduction:
  ticks: 4500
  couples_per_tick: 23.23
  fertile_per_tick: 58.61
  pregnancies_per_tick: 1.76
  cooldowns_per_tick: 4.93
  chance: 0.0025
  resource_factor: 0.81
  crowding_factor: 0.42
  morale_factor: 0.90
  season_factor: 0.93
  attempts: 76766
  successes: 162
  blocked:
    infertile: 4760
    pregnant: 7887
    cooldown: 10950
    no_resources: 0
    no_housing: 0
    chance: 76603
Merchant:
  trades_per_tick: 0.04
  given_per_tick:
    food_raw: 0.01
    stone   : 0.01
    water   : 0.01
    wood    : 0.02
  received_per_tick:
    food_raw: 0.01
    stone   : 0.00
    water   : 0.02
    wood    : 0.01
Fields:
  nodes: 0
  node_ratio: 0.98
  water_ratio: 0.77
  irrigation: 0.87
  season: 0.90
  regen: 0.79
Signals:
  critical_needs: 0.00
  idle_adults: 0.27

=== episode=16500 window=16001-16500 count=500 ===
Summary:
  avg_reward: 2426.45
  avg_steps: 900.0
  avg_births: 161.91
  avg_deaths: 17.45
  lr: 0.000190
  difficulty: 0.38
  tick: 5280
  pop: 204
Scenario mix:
  baseline        : 76 (15.2%)
  food_scarce     : 97 (19.4%)
  housing_pressure: 102 (20.4%)
  low_stockpile   : 86 (17.2%)
  water_scarce    : 139 (27.8%)
Stockpile ratios:
  avg: 0.92
  min: 0.71
  food_raw: 0.97
  stone   : 0.99
  water   : 0.75
  wood    : 0.98
Nodes ratio:
  food_raw: 0.79
  stone   : 0.96
  water   : 0.35
  wood    : 0.97
Needs avg:
  hunger: 0.15
  thirst: 0.17
Housing:
  houses: 64
  beds: 131
  ratio: 0.85
  unsheltered: 0.16
Reproduction:
  ticks: 4500
  couples_per_tick: 23.64
  fertile_per_tick: 59.82
  pregnancies_per_tick: 1.78
  cooldowns_per_tick: 4.98
  chance: 0.0025
  resource_factor: 0.81
  crowding_factor: 0.42
  morale_factor: 0.91
  season_factor: 0.93
  attempts: 78040
  successes: 164
  blocked:
    infertile: 4765
    pregnant: 7969
    cooldown: 11063
    no_resources: 0
    no_housing: 0
    chance: 77875
Merchant:
  trades_per_tick: 0.04
  given_per_tick:
    food_raw: 0.01
    stone   : 0.01
    water   : 0.00
    wood    : 0.01
  received_per_tick:
    food_raw: 0.01
    stone   : 0.00
    water   : 0.02
    wood    : 0.01
Fields:
  nodes: 0
  node_ratio: 0.98
  water_ratio: 0.75
  irrigation: 0.86
  season: 0.89
  regen: 0.77
Signals:
  critical_needs: 0.01
  idle_adults: 0.26

=== episode=17000 window=16501-17000 count=500 ===
Summary:
  avg_reward: 2427.37
  avg_steps: 900.0
  avg_births: 163.55
  avg_deaths: 17.41
  lr: 0.000187
  difficulty: 0.39
  tick: 4840
  pop: 104
Scenario mix:
  baseline        : 66 (13.2%)
  food_scarce     : 114 (22.8%)
  housing_pressure: 92 (18.4%)
  low_stockpile   : 92 (18.4%)
  water_scarce    : 136 (27.2%)
Stockpile ratios:
  avg: 0.92
  min: 0.71
  food_raw: 0.97
  stone   : 0.98
  water   : 0.75
  wood    : 0.98
Nodes ratio:
  food_raw: 0.77
  stone   : 0.96
  water   : 0.36
  wood    : 0.97
Needs avg:
  hunger: 0.15
  thirst: 0.17
Housing:
  houses: 65
  beds: 133
  ratio: 0.86
  unsheltered: 0.16
Reproduction:
  ticks: 4500
  couples_per_tick: 23.92
  fertile_per_tick: 60.45
  pregnancies_per_tick: 1.80
  cooldowns_per_tick: 5.03
  chance: 0.0025
  resource_factor: 0.81
  crowding_factor: 0.42
  morale_factor: 0.91
  season_factor: 0.93
  attempts: 78864
  successes: 166
  blocked:
    infertile: 4696
    pregnant: 8052
    cooldown: 11183
    no_resources: 0
    no_housing: 0
    chance: 78698
Merchant:
  trades_per_tick: 0.04
  given_per_tick:
    food_raw: 0.01
    stone   : 0.01
    water   : 0.00
    wood    : 0.01
  received_per_tick:
    food_raw: 0.01
    stone   : 0.00
    water   : 0.02
    wood    : 0.01
Fields:
  nodes: 0
  node_ratio: 0.97
  water_ratio: 0.75
  irrigation: 0.86
  season: 0.90
  regen: 0.78
Signals:
  critical_needs: 0.01
  idle_adults: 0.27

=== episode=17500 window=17001-17500 count=500 ===
Summary:
  avg_reward: 2429.55
  avg_steps: 900.0
  avg_births: 162.66
  avg_deaths: 17.36
  lr: 0.000183
  difficulty: 0.40
  tick: 5085
  pop: 196
Scenario mix:
  baseline        : 75 (15.0%)
  food_scarce     : 91 (18.2%)
  housing_pressure: 107 (21.4%)
  low_stockpile   : 100 (20.0%)
  water_scarce    : 127 (25.4%)
Stockpile ratios:
  avg: 0.93
  min: 0.72
  food_raw: 0.97
  stone   : 0.99
  water   : 0.77
  wood    : 0.98
Nodes ratio:
  food_raw: 0.79
  stone   : 0.96
  water   : 0.36
  wood    : 0.97
Needs avg:
  hunger: 0.15
  thirst: 0.17
Housing:
  houses: 65
  beds: 132
  ratio: 0.85
  unsheltered: 0.16
Reproduction:
  ticks: 4500
  couples_per_tick: 23.72
  fertile_per_tick: 59.94
  pregnancies_per_tick: 1.79
  cooldowns_per_tick: 5.00
  chance: 0.0025
  resource_factor: 0.81
  crowding_factor: 0.42
  morale_factor: 0.91
  season_factor: 0.93
  attempts: 78245
  successes: 165
  blocked:
    infertile: 4759
    pregnant: 8009
    cooldown: 11114
    no_resources: 0
    no_housing: 0
    chance: 78080
Merchant:
  trades_per_tick: 0.04
  given_per_tick:
    food_raw: 0.01
    stone   : 0.01
    water   : 0.01
    wood    : 0.01
  received_per_tick:
    food_raw: 0.01
    stone   : 0.00
    water   : 0.02
    wood    : 0.01
Fields:
  nodes: 0
  node_ratio: 0.99
  water_ratio: 0.77
  irrigation: 0.87
  season: 0.90
  regen: 0.79
Signals:
  critical_needs: 0.01
  idle_adults: 0.26

=== episode=18000 window=17501-18000 count=500 ===
Summary:
  avg_reward: 2434.50
  avg_steps: 900.0
  avg_births: 163.21
  avg_deaths: 17.39
  lr: 0.000180
  difficulty: 0.41
  tick: 4788
  pop: 187
Scenario mix:
  baseline        : 73 (14.6%)
  food_scarce     : 105 (21.0%)
  housing_pressure: 111 (22.2%)
  low_stockpile   : 94 (18.8%)
  water_scarce    : 117 (23.4%)
Stockpile ratios:
  avg: 0.93
  min: 0.74
  food_raw: 0.97
  stone   : 0.99
  water   : 0.78
  wood    : 0.98
Nodes ratio:
  food_raw: 0.78
  stone   : 0.97
  water   : 0.37
  wood    : 0.96
Needs avg:
  hunger: 0.15
  thirst: 0.16
Housing:
  houses: 65
  beds: 133
  ratio: 0.86
  unsheltered: 0.15
Reproduction:
  ticks: 4500
  couples_per_tick: 23.73
  fertile_per_tick: 59.99
  pregnancies_per_tick: 1.79
  cooldowns_per_tick: 5.02
  chance: 0.0025
  resource_factor: 0.81
  crowding_factor: 0.42
  morale_factor: 0.91
  season_factor: 0.93
  attempts: 78809
  successes: 165
  blocked:
    infertile: 4842
    pregnant: 8032
    cooldown: 11142
    no_resources: 0
    no_housing: 0
    chance: 78644
Merchant:
  trades_per_tick: 0.04
  given_per_tick:
    food_raw: 0.01
    stone   : 0.01
    water   : 0.01
    wood    : 0.01
  received_per_tick:
    food_raw: 0.01
    stone   : 0.00
    water   : 0.02
    wood    : 0.01
Fields:
  nodes: 0
  node_ratio: 0.97
  water_ratio: 0.78
  irrigation: 0.88
  season: 0.90
  regen: 0.79
Signals:
  critical_needs: 0.00
  idle_adults: 0.29

=== episode=18500 window=18001-18500 count=500 ===
Summary:
  avg_reward: 2423.27
  avg_steps: 900.0
  avg_births: 161.96
  avg_deaths: 17.77
  lr: 0.000177
  difficulty: 0.42
  tick: 5196
  pop: 129
Scenario mix:
  baseline        : 68 (13.6%)
  food_scarce     : 88 (17.6%)
  housing_pressure: 112 (22.4%)
  low_stockpile   : 112 (22.4%)
  water_scarce    : 120 (24.0%)
Stockpile ratios:
  avg: 0.92
  min: 0.71
  food_raw: 0.96
  stone   : 0.99
  water   : 0.76
  wood    : 0.98
Nodes ratio:
  food_raw: 0.80
  stone   : 0.96
  water   : 0.38
  wood    : 0.96
Needs avg:
  hunger: 0.15
  thirst: 0.16
Housing:
  houses: 64
  beds: 131
  ratio: 0.86
  unsheltered: 0.16
Reproduction:
  ticks: 4500
  couples_per_tick: 23.58
  fertile_per_tick: 59.54
  pregnancies_per_tick: 1.78
  cooldowns_per_tick: 4.98
  chance: 0.0025
  resource_factor: 0.81
  crowding_factor: 0.42
  morale_factor: 0.90
  season_factor: 0.93
  attempts: 77754
  successes: 164
  blocked:
    infertile: 4801
    pregnant: 7973
    cooldown: 11060
    no_resources: 0
    no_housing: 0
    chance: 77590
Merchant:
  trades_per_tick: 0.04
  given_per_tick:
    food_raw: 0.01
    stone   : 0.01
    water   : 0.01
    wood    : 0.01
  received_per_tick:
    food_raw: 0.01
    stone   : 0.00
    water   : 0.02
    wood    : 0.01
Fields:
  nodes: 0
  node_ratio: 0.98
  water_ratio: 0.76
  irrigation: 0.87
  season: 0.91
  regen: 0.79
Signals:
  critical_needs: 0.01
  idle_adults: 0.27

=== episode=19000 window=18501-19000 count=500 ===
Summary:
  avg_reward: 2435.78
  avg_steps: 900.0
  avg_births: 162.12
  avg_deaths: 16.62
  lr: 0.000173
  difficulty: 0.43
  tick: 4826
  pop: 141
Scenario mix:
  baseline        : 67 (13.4%)
  food_scarce     : 103 (20.6%)
  housing_pressure: 96 (19.2%)
  low_stockpile   : 118 (23.6%)
  water_scarce    : 116 (23.2%)
Stockpile ratios:
  avg: 0.93
  min: 0.74
  food_raw: 0.97
  stone   : 0.99
  water   : 0.77
  wood    : 0.99
Nodes ratio:
  food_raw: 0.79
  stone   : 0.96
  water   : 0.39
  wood    : 0.96
Needs avg:
  hunger: 0.15
  thirst: 0.16
Housing:
  houses: 65
  beds: 132
  ratio: 0.85
  unsheltered: 0.16
Reproduction:
  ticks: 4500
  couples_per_tick: 23.32
  fertile_per_tick: 58.99
  pregnancies_per_tick: 1.78
  cooldowns_per_tick: 4.98
  chance: 0.0025
  resource_factor: 0.81
  crowding_factor: 0.42
  morale_factor: 0.90
  season_factor: 0.93
  attempts: 77281
  successes: 164
  blocked:
    infertile: 4712
    pregnant: 7984
    cooldown: 11076
    no_resources: 0
    no_housing: 0
    chance: 77116
Merchant:
  trades_per_tick: 0.04
  given_per_tick:
    food_raw: 0.01
    stone   : 0.02
    water   : 0.01
    wood    : 0.01
  received_per_tick:
    food_raw: 0.02
    stone   : 0.00
    water   : 0.01
    wood    : 0.01
Fields:
  nodes: 0
  node_ratio: 0.98
  water_ratio: 0.77
  irrigation: 0.87
  season: 0.89
  regen: 0.78
Signals:
  critical_needs: 0.00
  idle_adults: 0.25

=== episode=19500 window=19001-19500 count=500 ===
Summary:
  avg_reward: 2430.36
  avg_steps: 900.0
  avg_births: 161.02
  avg_deaths: 16.71
  lr: 0.000170
  difficulty: 0.44
  tick: 4520
  pop: 187
Scenario mix:
  baseline        : 69 (13.8%)
  food_scarce     : 105 (21.0%)
  housing_pressure: 92 (18.4%)
  low_stockpile   : 112 (22.4%)
  water_scarce    : 122 (24.4%)
Stockpile ratios:
  avg: 0.93
  min: 0.75
  food_raw: 0.97
  stone   : 0.99
  water   : 0.78
  wood    : 0.99
Nodes ratio:
  food_raw: 0.79
  stone   : 0.97
  water   : 0.38
  wood    : 0.98
Needs avg:
  hunger: 0.15
  thirst: 0.16
Housing:
  houses: 64
  beds: 131
  ratio: 0.86
  unsheltered: 0.16
Reproduction:
  ticks: 4500
  couples_per_tick: 23.30
  fertile_per_tick: 58.88
  pregnancies_per_tick: 1.77
  cooldowns_per_tick: 4.95
  chance: 0.0025
  resource_factor: 0.81
  crowding_factor: 0.42
  morale_factor: 0.90
  season_factor: 0.93
  attempts: 77309
  successes: 163
  blocked:
    infertile: 4717
    pregnant: 7926
    cooldown: 11001
    no_resources: 0
    no_housing: 0
    chance: 77145
Merchant:
  trades_per_tick: 0.04
  given_per_tick:
    food_raw: 0.01
    stone   : 0.01
    water   : 0.01
    wood    : 0.01
  received_per_tick:
    food_raw: 0.02
    stone   : 0.00
    water   : 0.01
    wood    : 0.01
Fields:
  nodes: 0
  node_ratio: 0.97
  water_ratio: 0.78
  irrigation: 0.88
  season: 0.92
  regen: 0.81
Signals:
  critical_needs: 0.00
  idle_adults: 0.28

=== episode=20000 window=19501-20000 count=500 ===
Summary:
  avg_reward: 2420.00
  avg_steps: 900.0
  avg_births: 163.20
  avg_deaths: 17.30
  lr: 0.000167
  difficulty: 0.45
  tick: 4875
  pop: 155
Scenario mix:
  baseline        : 84 (16.8%)
  food_scarce     : 85 (17.0%)
  housing_pressure: 89 (17.8%)
  low_stockpile   : 109 (21.8%)
  water_scarce    : 133 (26.6%)
Stockpile ratios:
  avg: 0.92
  min: 0.71
  food_raw: 0.97
  stone   : 0.99
  water   : 0.74
  wood    : 0.99
Nodes ratio:
  food_raw: 0.80
  stone   : 0.97
  water   : 0.35
  wood    : 0.96
Needs avg:
  hunger: 0.15
  thirst: 0.17
Housing:
  houses: 65
  beds: 133
  ratio: 0.86
  unsheltered: 0.15
Reproduction:
  ticks: 4500
  couples_per_tick: 23.90
  fertile_per_tick: 60.11
  pregnancies_per_tick: 1.79
  cooldowns_per_tick: 5.02
  chance: 0.0025
  resource_factor: 0.81
  crowding_factor: 0.42
  morale_factor: 0.90
  season_factor: 0.93
  attempts: 78659
  successes: 165
  blocked:
    infertile: 4688
    pregnant: 8032
    cooldown: 11162
    no_resources: 0
    no_housing: 0
    chance: 78493
Merchant:
  trades_per_tick: 0.04
  given_per_tick:
    food_raw: 0.01
    stone   : 0.01
    water   : 0.01
    wood    : 0.01
  received_per_tick:
    food_raw: 0.02
    stone   : 0.00
    water   : 0.02
    wood    : 0.01
Fields:
  nodes: 0
  node_ratio: 0.98
  water_ratio: 0.74
  irrigation: 0.86
  season: 0.89
  regen: 0.77
Signals:
  critical_needs: 0.01
  idle_adults: 0.28

=== episode=20500 window=20001-20500 count=500 ===
Summary:
  avg_reward: 2418.71
  avg_steps: 900.0
  avg_births: 161.89
  avg_deaths: 17.56
  lr: 0.000163
  difficulty: 0.46
  tick: 4952
  pop: 154
Scenario mix:
  baseline        : 72 (14.4%)
  food_scarce     : 99 (19.8%)
  housing_pressure: 91 (18.2%)
  low_stockpile   : 99 (19.8%)
  water_scarce    : 139 (27.8%)
Stockpile ratios:
  avg: 0.92
  min: 0.71
  food_raw: 0.97
  stone   : 0.98
  water   : 0.76
  wood    : 0.98
Nodes ratio:
  food_raw: 0.79
  stone   : 0.97
  water   : 0.35
  wood    : 0.96
Needs avg:
  hunger: 0.15
  thirst: 0.17
Housing:
  houses: 64
  beds: 132
  ratio: 0.86
  unsheltered: 0.16
Reproduction:
  ticks: 4500
  couples_per_tick: 23.63
  fertile_per_tick: 59.61
  pregnancies_per_tick: 1.78
  cooldowns_per_tick: 4.98
  chance: 0.0025
  resource_factor: 0.81
  crowding_factor: 0.42
  morale_factor: 0.90
  season_factor: 0.93
  attempts: 78026
  successes: 164
  blocked:
    infertile: 4656
    pregnant: 7968
    cooldown: 11068
    no_resources: 0
    no_housing: 0
    chance: 77861
Merchant:
  trades_per_tick: 0.04
  given_per_tick:
    food_raw: 0.01
    stone   : 0.01
    water   : 0.01
    wood    : 0.01
  received_per_tick:
    food_raw: 0.02
    stone   : 0.00
    water   : 0.01
    wood    : 0.01
Fields:
  nodes: 0
  node_ratio: 0.98
  water_ratio: 0.76
  irrigation: 0.87
  season: 0.89
  regen: 0.78
Signals:
  critical_needs: 0.00
  idle_adults: 0.27

=== episode=21000 window=20501-21000 count=500 ===
Summary:
  avg_reward: 2428.53
  avg_steps: 900.0
  avg_births: 163.73
  avg_deaths: 17.68
  lr: 0.000160
  difficulty: 0.47
  tick: 4792
  pop: 147
Scenario mix:
  baseline        : 84 (16.8%)
  food_scarce     : 98 (19.6%)
  housing_pressure: 99 (19.8%)
  low_stockpile   : 90 (18.0%)
  water_scarce    : 129 (25.8%)
Stockpile ratios:
  avg: 0.93
  min: 0.73
  food_raw: 0.97
  stone   : 0.98
  water   : 0.77
  wood    : 0.99
Nodes ratio:
  food_raw: 0.79
  stone   : 0.97
  water   : 0.35
  wood    : 0.96
Needs avg:
  hunger: 0.15
  thirst: 0.17
Housing:
  houses: 65
  beds: 133
  ratio: 0.86
  unsheltered: 0.16
Reproduction:
  ticks: 4500
  couples_per_tick: 23.82
  fertile_per_tick: 60.10
  pregnancies_per_tick: 1.80
  cooldowns_per_tick: 5.03
  chance: 0.0025
  resource_factor: 0.81
  crowding_factor: 0.42
  morale_factor: 0.91
  season_factor: 0.93
  attempts: 78889
  successes: 166
  blocked:
    infertile: 4756
    pregnant: 8060
    cooldown: 11183
    no_resources: 0
    no_housing: 0
    chance: 78723
Merchant:
  trades_per_tick: 0.04
  given_per_tick:
    food_raw: 0.01
    stone   : 0.01
    water   : 0.01
    wood    : 0.01
  received_per_tick:
    food_raw: 0.01
    stone   : 0.00
    water   : 0.02
    wood    : 0.01
Fields:
  nodes: 0
  node_ratio: 0.97
  water_ratio: 0.77
  irrigation: 0.87
  season: 0.89
  regen: 0.78
Signals:
  critical_needs: 0.01
  idle_adults: 0.27

=== episode=21500 window=21001-21500 count=500 ===
Summary:
  avg_reward: 2407.09
  avg_steps: 900.0
  avg_births: 159.74
  avg_deaths: 17.63
  lr: 0.000157
  difficulty: 0.48
  tick: 5165
  pop: 147
Scenario mix:
  baseline        : 80 (16.0%)
  food_scarce     : 87 (17.4%)
  housing_pressure: 71 (14.2%)
  low_stockpile   : 105 (21.0%)
  water_scarce    : 157 (31.4%)
Stockpile ratios:
  avg: 0.92
  min: 0.71
  food_raw: 0.97
  stone   : 0.99
  water   : 0.74
  wood    : 0.99
Nodes ratio:
  food_raw: 0.80
  stone   : 0.97
  water   : 0.34
  wood    : 0.96
Needs avg:
  hunger: 0.15
  thirst: 0.17
Housing:
  houses: 64
  beds: 131
  ratio: 0.87
  unsheltered: 0.15
Reproduction:
  ticks: 4500
  couples_per_tick: 23.52
  fertile_per_tick: 58.94
  pregnancies_per_tick: 1.75
  cooldowns_per_tick: 4.91
  chance: 0.0025
  resource_factor: 0.81
  crowding_factor: 0.42
  morale_factor: 0.90
  season_factor: 0.93
  attempts: 77036
  successes: 162
  blocked:
    infertile: 4669
    pregnant: 7860
    cooldown: 10907
    no_resources: 0
    no_housing: 0
    chance: 76874
Merchant:
  trades_per_tick: 0.04
  given_per_tick:
    food_raw: 0.01
    stone   : 0.02
    water   : 0.01
    wood    : 0.01
  received_per_tick:
    food_raw: 0.01
    stone   : 0.00
    water   : 0.02
    wood    : 0.01
Fields:
  nodes: 0
  node_ratio: 0.99
  water_ratio: 0.74
  irrigation: 0.86
  season: 0.90
  regen: 0.78
Signals:
  critical_needs: 0.01
  idle_adults: 0.25

=== episode=22000 window=21501-22000 count=500 ===
Summary:
  avg_reward: 2427.52
  avg_steps: 900.0
  avg_births: 161.97
  avg_deaths: 17.49
  lr: 0.000153
  difficulty: 0.48
  tick: 4742
  pop: 161
Scenario mix:
  baseline        : 66 (13.2%)
  food_scarce     : 100 (20.0%)
  housing_pressure: 113 (22.6%)
  low_stockpile   : 97 (19.4%)
  water_scarce    : 124 (24.8%)
Stockpile ratios:
  avg: 0.93
  min: 0.73
  food_raw: 0.97
  stone   : 0.99
  water   : 0.76
  wood    : 0.98
Nodes ratio:
  food_raw: 0.78
  stone   : 0.97
  water   : 0.36
  wood    : 0.97
Needs avg:
  hunger: 0.15
  thirst: 0.16
Housing:
  houses: 65
  beds: 132
  ratio: 0.86
  unsheltered: 0.16
Reproduction:
  ticks: 4500
  couples_per_tick: 23.63
  fertile_per_tick: 59.90
  pregnancies_per_tick: 1.78
  cooldowns_per_tick: 4.98
  chance: 0.0025
  resource_factor: 0.81
  crowding_factor: 0.42
  morale_factor: 0.91
  season_factor: 0.93
  attempts: 78018
  successes: 164
  blocked:
    infertile: 4830
    pregnant: 7973
    cooldown: 11064
    no_resources: 0
    no_housing: 0
    chance: 77854
Merchant:
  trades_per_tick: 0.04
  given_per_tick:
    food_raw: 0.01
    stone   : 0.01
    water   : 0.01
    wood    : 0.01
  received_per_tick:
    food_raw: 0.01
    stone   : 0.00
    water   : 0.02
    wood    : 0.01
Fields:
  nodes: 0
  node_ratio: 0.98
  water_ratio: 0.76
  irrigation: 0.87
  season: 0.90
  regen: 0.78
Signals:
  critical_needs: 0.00
  idle_adults: 0.29

=== episode=22500 window=22001-22500 count=500 ===
Summary:
  avg_reward: 2425.39
  avg_steps: 900.0
  avg_births: 160.96
  avg_deaths: 17.59
  lr: 0.000150
  difficulty: 0.49
  tick: 4677
  pop: 202
Scenario mix:
  baseline        : 69 (13.8%)
  food_scarce     : 107 (21.4%)
  housing_pressure: 97 (19.4%)
  low_stockpile   : 97 (19.4%)
  water_scarce    : 130 (26.0%)
Stockpile ratios:
  avg: 0.93
  min: 0.73
  food_raw: 0.97
  stone   : 0.99
  water   : 0.77
  wood    : 0.98
Nodes ratio:
  food_raw: 0.80
  stone   : 0.97
  water   : 0.39
  wood    : 0.96
Needs avg:
  hunger: 0.15
  thirst: 0.16
Housing:
  houses: 64
  beds: 131
  ratio: 0.86
  unsheltered: 0.16
Reproduction:
  ticks: 4500
  couples_per_tick: 23.64
  fertile_per_tick: 59.63
  pregnancies_per_tick: 1.77
  cooldowns_per_tick: 4.95
  chance: 0.0025
  resource_factor: 0.81
  crowding_factor: 0.42
  morale_factor: 0.91
  season_factor: 0.93
  attempts: 77917
  successes: 163
  blocked:
    infertile: 4762
    pregnant: 7925
    cooldown: 10994
    no_resources: 0
    no_housing: 0
    chance: 77754
Merchant:
  trades_per_tick: 0.04
  given_per_tick:
    food_raw: 0.01
    stone   : 0.02
    water   : 0.01
    wood    : 0.01
  received_per_tick:
    food_raw: 0.01
    stone   : 0.00
    water   : 0.02
    wood    : 0.01
Fields:
  nodes: 0
  node_ratio: 0.97
  water_ratio: 0.77
  irrigation: 0.87
  season: 0.91
  regen: 0.79
Signals:
  critical_needs: 0.01
  idle_adults: 0.26

=== episode=23000 window=22501-23000 count=500 ===
Summary:
  avg_reward: 2431.49
  avg_steps: 900.0
  avg_births: 161.18
  avg_deaths: 17.12
  lr: 0.000147
  difficulty: 0.50
  tick: 4507
  pop: 151
Scenario mix:
  baseline        : 78 (15.6%)
  food_scarce     : 106 (21.2%)
  housing_pressure: 102 (20.4%)
  low_stockpile   : 87 (17.4%)
  water_scarce    : 127 (25.4%)
Stockpile ratios:
  avg: 0.93
  min: 0.74
  food_raw: 0.97
  stone   : 0.99
  water   : 0.77
  wood    : 0.99
Nodes ratio:
  food_raw: 0.79
  stone   : 0.96
  water   : 0.37
  wood    : 0.97
Needs avg:
  hunger: 0.15
  thirst: 0.17
Housing:
  houses: 64
  beds: 131
  ratio: 0.86
  unsheltered: 0.16
Reproduction:
  ticks: 4500
  couples_per_tick: 23.40
  fertile_per_tick: 59.33
  pregnancies_per_tick: 1.77
  cooldowns_per_tick: 4.96
  chance: 0.0025
  resource_factor: 0.81
  crowding_factor: 0.42
  morale_factor: 0.91
  season_factor: 0.93
  attempts: 77246
  successes: 163
  blocked:
    infertile: 4716
    pregnant: 7938
    cooldown: 11015
    no_resources: 0
    no_housing: 0
    chance: 77082
Merchant:
  trades_per_tick: 0.04
  given_per_tick:
    food_raw: 0.01
    stone   : 0.01
    water   : 0.01
    wood    : 0.01
  received_per_tick:
    food_raw: 0.01
    stone   : 0.00
    water   : 0.02
    wood    : 0.01
Fields:
  nodes: 0
  node_ratio: 0.99
  water_ratio: 0.77
  irrigation: 0.87
  season: 0.90
  regen: 0.79
Signals:
  critical_needs: 0.01
  idle_adults: 0.27

=== episode=23500 window=23001-23500 count=500 ===
Summary:
  avg_reward: 2442.14
  avg_steps: 900.0
  avg_births: 162.76
  avg_deaths: 16.36
  lr: 0.000143
  difficulty: 0.51
  tick: 4778
  pop: 186
Scenario mix:
  baseline        : 76 (15.2%)
  food_scarce     : 87 (17.4%)
  housing_pressure: 107 (21.4%)
  low_stockpile   : 114 (22.8%)
  water_scarce    : 116 (23.2%)
Stockpile ratios:
  avg: 0.92
  min: 0.72
  food_raw: 0.97
  stone   : 0.99
  water   : 0.77
  wood    : 0.98
Nodes ratio:
  food_raw: 0.79
  stone   : 0.96
  water   : 0.37
  wood    : 0.97
Needs avg:
  hunger: 0.15
  thirst: 0.16
Housing:
  houses: 65
  beds: 132
  ratio: 0.85
  unsheltered: 0.16
Reproduction:
  ticks: 4500
  couples_per_tick: 23.55
  fertile_per_tick: 59.43
  pregnancies_per_tick: 1.79
  cooldowns_per_tick: 5.01
  chance: 0.0025
  resource_factor: 0.81
  crowding_factor: 0.42
  morale_factor: 0.90
  season_factor: 0.93
  attempts: 78368
  successes: 165
  blocked:
    infertile: 4798
    pregnant: 8016
    cooldown: 11131
    no_resources: 0
    no_housing: 0
    chance: 78202
Merchant:
  trades_per_tick: 0.04
  given_per_tick:
    food_raw: 0.01
    stone   : 0.01
    water   : 0.01
    wood    : 0.01
  received_per_tick:
    food_raw: 0.01
    stone   : 0.00
    water   : 0.02
    wood    : 0.01
Fields:
  nodes: 0
  node_ratio: 0.99
  water_ratio: 0.77
  irrigation: 0.87
  season: 0.89
  regen: 0.78
Signals:
  critical_needs: 0.00
  idle_adults: 0.27

=== episode=24000 window=23501-24000 count=500 ===
Summary:
  avg_reward: 2437.11
  avg_steps: 900.0
  avg_births: 162.73
  avg_deaths: 16.99
  lr: 0.000140
  difficulty: 0.52
  tick: 5179
  pop: 143
Scenario mix:
  baseline        : 86 (17.2%)
  food_scarce     : 76 (15.2%)
  housing_pressure: 114 (22.8%)
  low_stockpile   : 88 (17.6%)
  water_scarce    : 136 (27.2%)
Stockpile ratios:
  avg: 0.92
  min: 0.72
  food_raw: 0.96
  stone   : 0.99
  water   : 0.77
  wood    : 0.97
Nodes ratio:
  food_raw: 0.80
  stone   : 0.97
  water   : 0.35
  wood    : 0.97
Needs avg:
  hunger: 0.15
  thirst: 0.17
Housing:
  houses: 65
  beds: 132
  ratio: 0.85
  unsheltered: 0.16
Reproduction:
  ticks: 4500
  couples_per_tick: 23.78
  fertile_per_tick: 60.20
  pregnancies_per_tick: 1.79
  cooldowns_per_tick: 5.00
  chance: 0.0025
  resource_factor: 0.81
  crowding_factor: 0.42
  morale_factor: 0.91
  season_factor: 0.93
  attempts: 78716
  successes: 165
  blocked:
    infertile: 4797
    pregnant: 8016
    cooldown: 11116
    no_resources: 0
    no_housing: 0
    chance: 78551
Merchant:
  trades_per_tick: 0.04
  given_per_tick:
    food_raw: 0.01
    stone   : 0.01
    water   : 0.01
    wood    : 0.01
  received_per_tick:
    food_raw: 0.01
    stone   : 0.00
    water   : 0.02
    wood    : 0.01
Fields:
  nodes: 0
  node_ratio: 0.98
  water_ratio: 0.77
  irrigation: 0.87
  season: 0.91
  regen: 0.80
Signals:
  critical_needs: 0.00
  idle_adults: 0.28

=== episode=24500 window=24001-24500 count=500 ===
Summary:
  avg_reward: 2432.92
  avg_steps: 900.0
  avg_births: 163.59
  avg_deaths: 17.62
  lr: 0.000137
  difficulty: 0.53
  tick: 5227
  pop: 115
Scenario mix:
  baseline        : 78 (15.6%)
  food_scarce     : 87 (17.4%)
  housing_pressure: 114 (22.8%)
  low_stockpile   : 91 (18.2%)
  water_scarce    : 130 (26.0%)
Stockpile ratios:
  avg: 0.93
  min: 0.73
  food_raw: 0.97
  stone   : 0.98
  water   : 0.76
  wood    : 0.98
Nodes ratio:
  food_raw: 0.78
  stone   : 0.96
  water   : 0.35
  wood    : 0.96
Needs avg:
  hunger: 0.15
  thirst: 0.16
Housing:
  houses: 65
  beds: 133
  ratio: 0.86
  unsheltered: 0.16
Reproduction:
  ticks: 4500
  couples_per_tick: 23.84
  fertile_per_tick: 60.21
  pregnancies_per_tick: 1.80
  cooldowns_per_tick: 5.04
  chance: 0.0025
  resource_factor: 0.81
  crowding_factor: 0.42
  morale_factor: 0.91
  season_factor: 0.93
  attempts: 78868
  successes: 166
  blocked:
    infertile: 4838
    pregnant: 8051
    cooldown: 11190
    no_resources: 0
    no_housing: 0
    chance: 78701
Merchant:
  trades_per_tick: 0.04
  given_per_tick:
    food_raw: 0.01
    stone   : 0.02
    water   : 0.01
    wood    : 0.01
  received_per_tick:
    food_raw: 0.01
    stone   : 0.00
    water   : 0.02
    wood    : 0.01
Fields:
  nodes: 0
  node_ratio: 0.97
  water_ratio: 0.76
  irrigation: 0.87
  season: 0.89
  regen: 0.77
Signals:
  critical_needs: 0.01
  idle_adults: 0.27

=== episode=25000 window=24501-25000 count=500 ===
Summary:
  avg_reward: 2428.91
  avg_steps: 900.0
  avg_births: 163.13
  avg_deaths: 17.27
  lr: 0.000133
  difficulty: 0.54
  tick: 4900
  pop: 133
Scenario mix:
  baseline        : 78 (15.6%)
  food_scarce     : 105 (21.0%)
  housing_pressure: 85 (17.0%)
  low_stockpile   : 112 (22.4%)
  water_scarce    : 120 (24.0%)
Stockpile ratios:
  avg: 0.93
  min: 0.74
  food_raw: 0.97
  stone   : 0.99
  water   : 0.78
  wood    : 0.99
Nodes ratio:
  food_raw: 0.78
  stone   : 0.97
  water   : 0.37
  wood    : 0.97
Needs avg:
  hunger: 0.15
  thirst: 0.16
Housing:
  houses: 65
  beds: 133
  ratio: 0.86
  unsheltered: 0.16
Reproduction:
  ticks: 4500
  couples_per_tick: 23.60
  fertile_per_tick: 59.42
  pregnancies_per_tick: 1.79
  cooldowns_per_tick: 5.02
  chance: 0.0025
  resource_factor: 0.81
  crowding_factor: 0.42
  morale_factor: 0.90
  season_factor: 0.93
  attempts: 78237
  successes: 165
  blocked:
    infertile: 4793
    pregnant: 8035
    cooldown: 11161
    no_resources: 0
    no_housing: 0
    chance: 78071
Merchant:
  trades_per_tick: 0.04
  given_per_tick:
    food_raw: 0.01
    stone   : 0.02
    water   : 0.01
    wood    : 0.01
  received_per_tick:
    food_raw: 0.02
    stone   : 0.00
    water   : 0.02
    wood    : 0.01
Fields:
  nodes: 0
  node_ratio: 0.98
  water_ratio: 0.78
  irrigation: 0.88
  season: 0.89
  regen: 0.79
Signals:
  critical_needs: 0.00
  idle_adults: 0.28

=== episode=25500 window=25001-25500 count=500 ===
Summary:
  avg_reward: 2435.46
  avg_steps: 900.0
  avg_births: 163.09
  avg_deaths: 17.00
  lr: 0.000130
  difficulty: 0.55
  tick: 5033
  pop: 155
Scenario mix:
  baseline        : 76 (15.2%)
  food_scarce     : 118 (23.6%)
  housing_pressure: 87 (17.4%)
  low_stockpile   : 92 (18.4%)
  water_scarce    : 127 (25.4%)
Stockpile ratios:
  avg: 0.92
  min: 0.71
  food_raw: 0.96
  stone   : 0.98
  water   : 0.76
  wood    : 0.98
Nodes ratio:
  food_raw: 0.78
  stone   : 0.96
  water   : 0.36
  wood    : 0.96
Needs avg:
  hunger: 0.15
  thirst: 0.17
Housing:
  houses: 65
  beds: 133
  ratio: 0.86
  unsheltered: 0.16
Reproduction:
  ticks: 4500
  couples_per_tick: 23.75
  fertile_per_tick: 59.72
  pregnancies_per_tick: 1.79
  cooldowns_per_tick: 5.02
  chance: 0.0025
  resource_factor: 0.81
  crowding_factor: 0.42
  morale_factor: 0.91
  season_factor: 0.93
  attempts: 78611
  successes: 165
  blocked:
    infertile: 4768
    pregnant: 8025
    cooldown: 11152
    no_resources: 0
    no_housing: 0
    chance: 78446
Merchant:
  trades_per_tick: 0.04
  given_per_tick:
    food_raw: 0.01
    stone   : 0.02
    water   : 0.00
    wood    : 0.01
  received_per_tick:
    food_raw: 0.01
    stone   : 0.00
    water   : 0.02
    wood    : 0.01
Fields:
  nodes: 0
  node_ratio: 0.97
  water_ratio: 0.76
  irrigation: 0.87
  season: 0.89
  regen: 0.78
Signals:
  critical_needs: 0.00
  idle_adults: 0.25

=== episode=26000 window=25501-26000 count=500 ===
Summary:
  avg_reward: 2439.69
  avg_steps: 900.0
  avg_births: 164.53
  avg_deaths: 17.30
  lr: 0.000127
  difficulty: 0.56
  tick: 4623
  pop: 181
Scenario mix:
  baseline        : 79 (15.8%)
  food_scarce     : 97 (19.4%)
  housing_pressure: 107 (21.4%)
  low_stockpile   : 97 (19.4%)
  water_scarce    : 120 (24.0%)
Stockpile ratios:
  avg: 0.93
  min: 0.74
  food_raw: 0.96
  stone   : 0.99
  water   : 0.77
  wood    : 0.99
Nodes ratio:
  food_raw: 0.78
  stone   : 0.95
  water   : 0.37
  wood    : 0.97
Needs avg:
  hunger: 0.15
  thirst: 0.17
Housing:
  houses: 65
  beds: 133
  ratio: 0.85
  unsheltered: 0.16
Reproduction:
  ticks: 4500
  couples_per_tick: 23.78
  fertile_per_tick: 60.14
  pregnancies_per_tick: 1.81
  cooldowns_per_tick: 5.05
  chance: 0.0025
  resource_factor: 0.81
  crowding_factor: 0.42
  morale_factor: 0.91
  season_factor: 0.93
  attempts: 78841
  successes: 167
  blocked:
    infertile: 4822
    pregnant: 8102
    cooldown: 11238
    no_resources: 0
    no_housing: 0
    chance: 78674
Merchant:
  trades_per_tick: 0.04
  given_per_tick:
    food_raw: 0.01
    stone   : 0.02
    water   : 0.01
    wood    : 0.01
  received_per_tick:
    food_raw: 0.01
    stone   : 0.00
    water   : 0.02
    wood    : 0.01
Fields:
  nodes: 0
  node_ratio: 0.97
  water_ratio: 0.77
  irrigation: 0.87
  season: 0.89
  regen: 0.78
Signals:
  critical_needs: 0.00
  idle_adults: 0.26

=== episode=26500 window=26001-26500 count=500 ===
Summary:
  avg_reward: 2432.79
  avg_steps: 900.0
  avg_births: 162.74
  avg_deaths: 17.15
  lr: 0.000123
  difficulty: 0.57
  tick: 4555
  pop: 198
Scenario mix:
  baseline        : 76 (15.2%)
  food_scarce     : 118 (23.6%)
  housing_pressure: 94 (18.8%)
  low_stockpile   : 99 (19.8%)
  water_scarce    : 113 (22.6%)
Stockpile ratios:
  avg: 0.94
  min: 0.76
  food_raw: 0.97
  stone   : 0.98
  water   : 0.80
  wood    : 0.99
Nodes ratio:
  food_raw: 0.78
  stone   : 0.96
  water   : 0.38
  wood    : 0.96
Needs avg:
  hunger: 0.15
  thirst: 0.16
Housing:
  houses: 65
  beds: 132
  ratio: 0.86
  unsheltered: 0.16
Reproduction:
  ticks: 4500
  couples_per_tick: 23.59
  fertile_per_tick: 59.72
  pregnancies_per_tick: 1.79
  cooldowns_per_tick: 5.00
  chance: 0.0025
  resource_factor: 0.81
  crowding_factor: 0.42
  morale_factor: 0.91
  season_factor: 0.93
  attempts: 78233
  successes: 165
  blocked:
    infertile: 4783
    pregnant: 8015
    cooldown: 11122
    no_resources: 0
    no_housing: 0
    chance: 78068
Merchant:
  trades_per_tick: 0.04
  given_per_tick:
    food_raw: 0.01
    stone   : 0.02
    water   : 0.00
    wood    : 0.01
  received_per_tick:
    food_raw: 0.01
    stone   : 0.00
    water   : 0.02
    wood    : 0.01
Fields:
  nodes: 0
  node_ratio: 0.97
  water_ratio: 0.80
  irrigation: 0.89
  season: 0.89
  regen: 0.80
Signals:
  critical_needs: 0.00
  idle_adults: 0.28

=== episode=27000 window=26501-27000 count=500 ===
Summary:
  avg_reward: 2431.89
  avg_steps: 900.0
  avg_births: 162.95
  avg_deaths: 16.97
  lr: 0.000120
  difficulty: 0.58
  tick: 4617
  pop: 123
Scenario mix:
  baseline        : 78 (15.6%)
  food_scarce     : 94 (18.8%)
  housing_pressure: 99 (19.8%)
  low_stockpile   : 96 (19.2%)
  water_scarce    : 133 (26.6%)
Stockpile ratios:
  avg: 0.92
  min: 0.71
  food_raw: 0.97
  stone   : 0.99
  water   : 0.74
  wood    : 0.99
Nodes ratio:
  food_raw: 0.80
  stone   : 0.96
  water   : 0.36
  wood    : 0.96
Needs avg:
  hunger: 0.15
  thirst: 0.17
Housing:
  houses: 65
  beds: 132
  ratio: 0.85
  unsheltered: 0.16
Reproduction:
  ticks: 4500
  couples_per_tick: 23.79
  fertile_per_tick: 60.01
  pregnancies_per_tick: 1.79
  cooldowns_per_tick: 5.01
  chance: 0.0025
  resource_factor: 0.81
  crowding_factor: 0.42
  morale_factor: 0.91
  season_factor: 0.93
  attempts: 78456
  successes: 165
  blocked:
    infertile: 4716
    pregnant: 8024
    cooldown: 11135
    no_resources: 0
    no_housing: 0
    chance: 78290
Merchant:
  trades_per_tick: 0.04
  given_per_tick:
    food_raw: 0.01
    stone   : 0.02
    water   : 0.00
    wood    : 0.01
  received_per_tick:
    food_raw: 0.01
    stone   : 0.00
    water   : 0.02
    wood    : 0.01
Fields:
  nodes: 0
  node_ratio: 0.97
  water_ratio: 0.74
  irrigation: 0.86
  season: 0.90
  regen: 0.78
Signals:
  critical_needs: 0.01
  idle_adults: 0.29

=== episode=27500 window=27001-27500 count=500 ===
Summary:
  avg_reward: 2429.13
  avg_steps: 900.0
  avg_births: 161.76
  avg_deaths: 17.19
  lr: 0.000117
  difficulty: 0.59
  tick: 4906
  pop: 109
Scenario mix:
  baseline        : 58 (11.6%)
  food_scarce     : 101 (20.2%)
  housing_pressure: 104 (20.8%)
  low_stockpile   : 102 (20.4%)
  water_scarce    : 135 (27.0%)
Stockpile ratios:
  avg: 0.93
  min: 0.73
  food_raw: 0.97
  stone   : 0.99
  water   : 0.77
  wood    : 0.98
Nodes ratio:
  food_raw: 0.81
  stone   : 0.96
  water   : 0.36
  wood    : 0.97
Needs avg:
  hunger: 0.15
  thirst: 0.17
Housing:
  houses: 65
  beds: 132
  ratio: 0.86
  unsheltered: 0.16
Reproduction:
  ticks: 4500
  couples_per_tick: 23.50
  fertile_per_tick: 59.39
  pregnancies_per_tick: 1.78
  cooldowns_per_tick: 4.98
  chance: 0.0025
  resource_factor: 0.81
  crowding_factor: 0.42
  morale_factor: 0.90
  season_factor: 0.93
  attempts: 77614
  successes: 164
  blocked:
    infertile: 4687
    pregnant: 7964
    cooldown: 11046
    no_resources: 0
    no_housing: 0
    chance: 77450
Merchant:
  trades_per_tick: 0.04
  given_per_tick:
    food_raw: 0.01
    stone   : 0.02
    water   : 0.00
    wood    : 0.01
  received_per_tick:
    food_raw: 0.01
    stone   : 0.00
    water   : 0.02
    wood    : 0.01
Fields:
  nodes: 0
  node_ratio: 0.97
  water_ratio: 0.77
  irrigation: 0.87
  season: 0.90
  regen: 0.79
Signals:
  critical_needs: 0.01
  idle_adults: 0.27

=== episode=28000 window=27501-28000 count=500 ===
Summary:
  avg_reward: 2429.97
  avg_steps: 900.0
  avg_births: 164.54
  avg_deaths: 17.91
  lr: 0.000113
  difficulty: 0.60
  tick: 4799
  pop: 160
Scenario mix:
  baseline        : 67 (13.4%)
  food_scarce     : 106 (21.2%)
  housing_pressure: 107 (21.4%)
  low_stockpile   : 101 (20.2%)
  water_scarce    : 119 (23.8%)
Stockpile ratios:
  avg: 0.93
  min: 0.74
  food_raw: 0.97
  stone   : 0.99
  water   : 0.78
  wood    : 0.98
Nodes ratio:
  food_raw: 0.78
  stone   : 0.96
  water   : 0.36
  wood    : 0.96
Needs avg:
  hunger: 0.15
  thirst: 0.16
Housing:
  houses: 65
  beds: 132
  ratio: 0.85
  unsheltered: 0.16
Reproduction:
  ticks: 4500
  couples_per_tick: 23.77
  fertile_per_tick: 60.26
  pregnancies_per_tick: 1.81
  cooldowns_per_tick: 5.06
  chance: 0.0025
  resource_factor: 0.81
  crowding_factor: 0.42
  morale_factor: 0.91
  season_factor: 0.93
  attempts: 78662
  successes: 167
  blocked:
    infertile: 4851
    pregnant: 8103
    cooldown: 11256
    no_resources: 0
    no_housing: 0
    chance: 78494
Merchant:
  trades_per_tick: 0.04
  given_per_tick:
    food_raw: 0.01
    stone   : 0.02
    water   : 0.01
    wood    : 0.01
  received_per_tick:
    food_raw: 0.01
    stone   : 0.00
    water   : 0.02
    wood    : 0.01
Fields:
  nodes: 0
  node_ratio: 0.98
  water_ratio: 0.78
  irrigation: 0.88
  season: 0.89
  regen: 0.78
Signals:
  critical_needs: 0.00
  idle_adults: 0.27

=== episode=28500 window=28001-28500 count=500 ===
Summary:
  avg_reward: 2436.40
  avg_steps: 900.0
  avg_births: 163.62
  avg_deaths: 17.33
  lr: 0.000110
  difficulty: 0.60
  tick: 4999
  pop: 158
Scenario mix:
  baseline        : 63 (12.6%)
  food_scarce     : 122 (24.4%)
  housing_pressure: 93 (18.6%)
  low_stockpile   : 94 (18.8%)
  water_scarce    : 128 (25.6%)
Stockpile ratios:
  avg: 0.93
  min: 0.73
  food_raw: 0.97
  stone   : 0.98
  water   : 0.78
  wood    : 0.98
Nodes ratio:
  food_raw: 0.78
  stone   : 0.96
  water   : 0.36
  wood    : 0.96
Needs avg:
  hunger: 0.15
  thirst: 0.16
Housing:
  houses: 65
  beds: 133
  ratio: 0.86
  unsheltered: 0.16
Reproduction:
  ticks: 4500
  couples_per_tick: 23.72
  fertile_per_tick: 59.76
  pregnancies_per_tick: 1.80
  cooldowns_per_tick: 5.03
  chance: 0.0025
  resource_factor: 0.81
  crowding_factor: 0.42
  morale_factor: 0.91
  season_factor: 0.93
  attempts: 78695
  successes: 166
  blocked:
    infertile: 4775
    pregnant: 8060
    cooldown: 11186
    no_resources: 0
    no_housing: 0
    chance: 78529
Merchant:
  trades_per_tick: 0.04
  given_per_tick:
    food_raw: 0.01
    stone   : 0.02
    water   : 0.00
    wood    : 0.01
  received_per_tick:
    food_raw: 0.01
    stone   : 0.00
    water   : 0.02
    wood    : 0.01
Fields:
  nodes: 0
  node_ratio: 0.98
  water_ratio: 0.78
  irrigation: 0.88
  season: 0.92
  regen: 0.81
Signals:
  critical_needs: 0.00
  idle_adults: 0.26

=== episode=29000 window=28501-29000 count=500 ===
Summary:
  avg_reward: 2436.32
  avg_steps: 900.0
  avg_births: 161.85
  avg_deaths: 16.66
  lr: 0.000107
  difficulty: 0.61
  tick: 5011
  pop: 208
Scenario mix:
  baseline        : 83 (16.6%)
  food_scarce     : 86 (17.2%)
  housing_pressure: 105 (21.0%)
  low_stockpile   : 94 (18.8%)
  water_scarce    : 132 (26.4%)
Stockpile ratios:
  avg: 0.92
  min: 0.72
  food_raw: 0.97
  stone   : 0.99
  water   : 0.75
  wood    : 0.98
Nodes ratio:
  food_raw: 0.81
  stone   : 0.97
  water   : 0.37
  wood    : 0.97
Needs avg:
  hunger: 0.15
  thirst: 0.17
Housing:
  houses: 64
  beds: 131
  ratio: 0.85
  unsheltered: 0.16
Reproduction:
  ticks: 4500
  couples_per_tick: 23.36
  fertile_per_tick: 59.40
  pregnancies_per_tick: 1.78
  cooldowns_per_tick: 4.98
  chance: 0.0025
  resource_factor: 0.81
  crowding_factor: 0.42
  morale_factor: 0.91
  season_factor: 0.93
  attempts: 77413
  successes: 164
  blocked:
    infertile: 4731
    pregnant: 7967
    cooldown: 11057
    no_resources: 0
    no_housing: 0
    chance: 77248
Merchant:
  trades_per_tick: 0.04
  given_per_tick:
    food_raw: 0.01
    stone   : 0.02
    water   : 0.00
    wood    : 0.01
  received_per_tick:
    food_raw: 0.01
    stone   : 0.00
    water   : 0.02
    wood    : 0.01
Fields:
  nodes: 0
  node_ratio: 0.98
  water_ratio: 0.75
  irrigation: 0.86
  season: 0.91
  regen: 0.79
Signals:
  critical_needs: 0.01
  idle_adults: 0.29

=== episode=29500 window=29001-29500 count=500 ===
Summary:
  avg_reward: 2449.19
  avg_steps: 900.0
  avg_births: 162.70
  avg_deaths: 16.50
  lr: 0.000103
  difficulty: 0.62
  tick: 5253
  pop: 124
Scenario mix:
  baseline        : 81 (16.2%)
  food_scarce     : 106 (21.2%)
  housing_pressure: 110 (22.0%)
  low_stockpile   : 95 (19.0%)
  water_scarce    : 108 (21.6%)
Stockpile ratios:
  avg: 0.94
  min: 0.77
  food_raw: 0.97
  stone   : 0.99
  water   : 0.81
  wood    : 0.99
Nodes ratio:
  food_raw: 0.79
  stone   : 0.97
  water   : 0.38
  wood    : 0.96
Needs avg:
  hunger: 0.15
  thirst: 0.16
Housing:
  houses: 65
  beds: 132
  ratio: 0.85
  unsheltered: 0.16
Reproduction:
  ticks: 4500
  couples_per_tick: 23.29
  fertile_per_tick: 59.09
  pregnancies_per_tick: 1.79
  cooldowns_per_tick: 5.00
  chance: 0.0025
  resource_factor: 0.82
  crowding_factor: 0.42
  morale_factor: 0.91
  season_factor: 0.93
  attempts: 77478
  successes: 165
  blocked:
    infertile: 4818
    pregnant: 8013
    cooldown: 11117
    no_resources: 0
    no_housing: 0
    chance: 77313
Merchant:
  trades_per_tick: 0.04
  given_per_tick:
    food_raw: 0.01
    stone   : 0.02
    water   : 0.00
    wood    : 0.01
  received_per_tick:
    food_raw: 0.01
    stone   : 0.00
    water   : 0.02
    wood    : 0.01
Fields:
  nodes: 0
  node_ratio: 0.98
  water_ratio: 0.81
  irrigation: 0.89
  season: 0.90
  regen: 0.81
Signals:
  critical_needs: 0.00
  idle_adults: 0.26

=== episode=30000 window=29501-30000 count=500 ===
Summary:
  avg_reward: 2432.63
  avg_steps: 900.0
  avg_births: 158.72
  avg_deaths: 17.00
  lr: 0.000100
  difficulty: 0.63
  tick: 5004
  pop: 122
Scenario mix:
  baseline        : 63 (12.6%)
  food_scarce     : 95 (19.0%)
  housing_pressure: 107 (21.4%)
  low_stockpile   : 102 (20.4%)
  water_scarce    : 133 (26.6%)
Stockpile ratios:
  avg: 0.93
  min: 0.74
  food_raw: 0.97
  stone   : 0.98
  water   : 0.78
  wood    : 0.98
Nodes ratio:
  food_raw: 0.81
  stone   : 0.96
  water   : 0.40
  wood    : 0.97
Needs avg:
  hunger: 0.15
  thirst: 0.16
Housing:
  houses: 64
  beds: 130
  ratio: 0.86
  unsheltered: 0.15
Reproduction:
  ticks: 4500
  couples_per_tick: 22.99
  fertile_per_tick: 58.30
  pregnancies_per_tick: 1.74
  cooldowns_per_tick: 4.88
  chance: 0.0025
  resource_factor: 0.81
  crowding_factor: 0.42
  morale_factor: 0.90
  season_factor: 0.93
  attempts: 75713
  successes: 161
  blocked:
    infertile: 4788
    pregnant: 7816
    cooldown: 10833
    no_resources: 0
    no_housing: 0
    chance: 75551
Merchant:
  trades_per_tick: 0.04
  given_per_tick:
    food_raw: 0.01
    stone   : 0.02
    water   : 0.00
    wood    : 0.01
  received_per_tick:
    food_raw: 0.01
    stone   : 0.00
    water   : 0.02
    wood    : 0.01
Fields:
  nodes: 0
  node_ratio: 0.98
  water_ratio: 0.78
  irrigation: 0.88
  season: 0.89
  regen: 0.79
Signals:
  critical_needs: 0.01
  idle_adults: 0.28
